mode: set
github.com/KyleKing/recipes/main.go:10.13,15.2 3 0
github.com/KyleKing/recipes/cmd/recipe_debug/main.go:13.13,18.22 3 0
github.com/KyleKing/recipes/cmd/recipe_debug/main.go:18.22,21.3 2 0
github.com/KyleKing/recipes/cmd/recipe_debug/main.go:23.2,23.20 1 0
github.com/KyleKing/recipes/cmd/recipe_debug/main.go:24.17,25.41 1 0
github.com/KyleKing/recipes/cmd/recipe_debug/main.go:26.17,27.42 1 0
github.com/KyleKing/recipes/cmd/recipe_debug/main.go:28.10,30.13 2 0
github.com/KyleKing/recipes/cmd/recipe_debug/main.go:34.19,44.2 9 0
github.com/KyleKing/recipes/cmd/recipe_debug/main.go:46.53,47.19 1 0
github.com/KyleKing/recipes/cmd/recipe_debug/main.go:47.19,51.3 3 0
github.com/KyleKing/recipes/cmd/recipe_debug/main.go:53.2,57.16 3 0
github.com/KyleKing/recipes/cmd/recipe_debug/main.go:57.16,60.3 2 0
github.com/KyleKing/recipes/cmd/recipe_debug/main.go:63.2,83.34 11 0
github.com/KyleKing/recipes/cmd/recipe_debug/main.go:83.34,85.3 1 0
github.com/KyleKing/recipes/cmd/recipe_debug/main.go:87.2,89.28 3 0
github.com/KyleKing/recipes/cmd/recipe_debug/main.go:89.28,91.3 1 0
github.com/KyleKing/recipes/cmd/recipe_debug/main.go:92.2,93.34 2 0
github.com/KyleKing/recipes/cmd/recipe_debug/main.go:93.34,95.3 1 0
github.com/KyleKing/recipes/cmd/recipe_debug/main.go:96.2,99.34 3 0
github.com/KyleKing/recipes/cmd/recipe_debug/main.go:99.34,105.33 4 0
github.com/KyleKing/recipes/cmd/recipe_debug/main.go:105.33,108.4 1 0
github.com/KyleKing/recipes/cmd/recipe_debug/main.go:111.3,113.32 3 0
github.com/KyleKing/recipes/cmd/recipe_debug/main.go:113.32,115.4 1 0
github.com/KyleKing/recipes/cmd/recipe_debug/main.go:118.2,121.33 4 0
github.com/KyleKing/recipes/cmd/recipe_debug/main.go:121.33,123.3 1 0
github.com/KyleKing/recipes/cmd/recipe_debug/main.go:124.2,125.34 2 0
github.com/KyleKing/recipes/cmd/recipe_debug/main.go:125.34,127.3 1 0
github.com/KyleKing/recipes/cmd/recipe_debug/main.go:130.54,131.19 1 0
github.com/KyleKing/recipes/cmd/recipe_debug/main.go:131.19,135.3 3 0
github.com/KyleKing/recipes/cmd/recipe_debug/main.go:138.2,148.34 3 0
github.com/KyleKing/recipes/cmd/recipe_debug/main.go:148.34,150.17 2 0
github.com/KyleKing/recipes/cmd/recipe_debug/main.go:150.17,152.12 2 0
github.com/KyleKing/recipes/cmd/recipe_debug/main.go:155.3,169.5 6 0
github.com/KyleKing/recipes/cmd/recipe_debug/main.go:173.2,174.33 2 0
github.com/KyleKing/recipes/cmd/recipe_debug/main.go:174.33,181.3 1 0
github.com/KyleKing/recipes/cmd/recipe_debug/main.go:183.2,190.33 5 0
github.com/KyleKing/recipes/cmd/recipe_debug/main.go:190.33,195.3 4 0
github.com/KyleKing/recipes/cmd/recipe_debug/main.go:198.2,199.36 2 0
github.com/KyleKing/recipes/cmd/recipe_debug/main.go:199.36,200.41 1 0
github.com/KyleKing/recipes/cmd/recipe_debug/main.go:200.41,212.38 9 0
github.com/KyleKing/recipes/cmd/recipe_debug/main.go:212.38,213.30 1 0
github.com/KyleKing/recipes/cmd/recipe_debug/main.go:213.30,215.6 1 0
github.com/KyleKing/recipes/cmd/recipe_debug/main.go:217.4,221.43 3 0
github.com/KyleKing/recipes/cmd/recipe_debug/main.go:221.43,222.35 1 0
github.com/KyleKing/recipes/cmd/recipe_debug/main.go:222.35,224.6 1 0
github.com/KyleKing/recipes/cmd/recipe_debug/main.go:226.4,244.32 13 0
github.com/KyleKing/recipes/cmd/recipe_debug/main.go:244.32,246.43 2 0
github.com/KyleKing/recipes/cmd/recipe_debug/main.go:246.43,248.6 1 0
github.com/KyleKing/recipes/cmd/recipe_debug/main.go:251.4,251.34 1 0
github.com/KyleKing/recipes/cmd/recipe_debug/main.go:251.34,253.45 2 0
github.com/KyleKing/recipes/cmd/recipe_debug/main.go:253.45,255.18 2 0
github.com/KyleKing/recipes/cmd/recipe_debug/main.go:255.18,257.7 1 0
github.com/KyleKing/recipes/cmd/recipe_debug/main.go:257.12,259.7 1 0
github.com/KyleKing/recipes/goServe/main.go:16.13,27.16 9 0
github.com/KyleKing/recipes/goServe/main.go:27.16,29.3 1 0
github.com/KyleKing/recipes/main.go:10.13,15.2 3 0
github.com/KyleKing/recipes/cmd/recipe_debug/main.go:13.13,18.22 3 0
github.com/KyleKing/recipes/cmd/recipe_debug/main.go:18.22,21.3 2 0
github.com/KyleKing/recipes/cmd/recipe_debug/main.go:23.2,23.20 1 0
github.com/KyleKing/recipes/cmd/recipe_debug/main.go:24.17,25.41 1 0
github.com/KyleKing/recipes/cmd/recipe_debug/main.go:26.17,27.42 1 0
github.com/KyleKing/recipes/cmd/recipe_debug/main.go:28.10,30.13 2 0
github.com/KyleKing/recipes/cmd/recipe_debug/main.go:34.19,44.2 9 0
github.com/KyleKing/recipes/cmd/recipe_debug/main.go:46.53,47.19 1 0
github.com/KyleKing/recipes/cmd/recipe_debug/main.go:47.19,51.3 3 0
github.com/KyleKing/recipes/cmd/recipe_debug/main.go:53.2,57.16 3 0
github.com/KyleKing/recipes/cmd/recipe_debug/main.go:57.16,60.3 2 0
github.com/KyleKing/recipes/cmd/recipe_debug/main.go:63.2,83.34 11 0
github.com/KyleKing/recipes/cmd/recipe_debug/main.go:83.34,85.3 1 0
github.com/KyleKing/recipes/cmd/recipe_debug/main.go:87.2,89.28 3 0
github.com/KyleKing/recipes/cmd/recipe_debug/main.go:89.28,91.3 1 0
github.com/KyleKing/recipes/cmd/recipe_debug/main.go:92.2,93.34 2 0
github.com/KyleKing/recipes/cmd/recipe_debug/main.go:93.34,95.3 1 0
github.com/KyleKing/recipes/cmd/recipe_debug/main.go:96.2,99.34 3 0
github.com/KyleKing/recipes/cmd/recipe_debug/main.go:99.34,105.33 4 0
github.com/KyleKing/recipes/cmd/recipe_debug/main.go:105.33,108.4 1 0
github.com/KyleKing/recipes/cmd/recipe_debug/main.go:111.3,113.32 3 0
github.com/KyleKing/recipes/cmd/recipe_debug/main.go:113.32,115.4 1 0
github.com/KyleKing/recipes/cmd/recipe_debug/main.go:118.2,121.33 4 0
github.com/KyleKing/recipes/cmd/recipe_debug/main.go:121.33,123.3 1 0
github.com/KyleKing/recipes/cmd/recipe_debug/main.go:124.2,125.34 2 0
github.com/KyleKing/recipes/cmd/recipe_debug/main.go:125.34,127.3 1 0
github.com/KyleKing/recipes/cmd/recipe_debug/main.go:130.54,131.19 1 0
github.com/KyleKing/recipes/cmd/recipe_debug/main.go:131.19,135.3 3 0
github.com/KyleKing/recipes/cmd/recipe_debug/main.go:138.2,148.34 3 0
github.com/KyleKing/recipes/cmd/recipe_debug/main.go:148.34,150.17 2 0
github.com/KyleKing/recipes/cmd/recipe_debug/main.go:150.17,152.12 2 0
github.com/KyleKing/recipes/cmd/recipe_debug/main.go:155.3,169.5 6 0
github.com/KyleKing/recipes/cmd/recipe_debug/main.go:173.2,174.33 2 0
github.com/KyleKing/recipes/cmd/recipe_debug/main.go:174.33,181.3 1 0
github.com/KyleKing/recipes/cmd/recipe_debug/main.go:183.2,190.33 5 0
github.com/KyleKing/recipes/cmd/recipe_debug/main.go:190.33,195.3 4 0
github.com/KyleKing/recipes/cmd/recipe_debug/main.go:198.2,199.36 2 0
github.com/KyleKing/recipes/cmd/recipe_debug/main.go:199.36,200.41 1 0
github.com/KyleKing/recipes/cmd/recipe_debug/main.go:200.41,212.38 9 0
github.com/KyleKing/recipes/cmd/recipe_debug/main.go:212.38,213.30 1 0
github.com/KyleKing/recipes/cmd/recipe_debug/main.go:213.30,215.6 1 0
github.com/KyleKing/recipes/cmd/recipe_debug/main.go:217.4,221.43 3 0
github.com/KyleKing/recipes/cmd/recipe_debug/main.go:221.43,222.35 1 0
github.com/KyleKing/recipes/cmd/recipe_debug/main.go:222.35,224.6 1 0
github.com/KyleKing/recipes/cmd/recipe_debug/main.go:226.4,244.32 13 0
github.com/KyleKing/recipes/cmd/recipe_debug/main.go:244.32,246.43 2 0
github.com/KyleKing/recipes/cmd/recipe_debug/main.go:246.43,248.6 1 0
github.com/KyleKing/recipes/cmd/recipe_debug/main.go:251.4,251.34 1 0
github.com/KyleKing/recipes/cmd/recipe_debug/main.go:251.34,253.45 2 0
github.com/KyleKing/recipes/cmd/recipe_debug/main.go:253.45,255.18 2 0
github.com/KyleKing/recipes/cmd/recipe_debug/main.go:255.18,257.7 1 0
github.com/KyleKing/recipes/cmd/recipe_debug/main.go:257.12,259.7 1 0
github.com/KyleKing/recipes/goBuild/build.go:28.88,30.94 2 1
github.com/KyleKing/recipes/goBuild/build.go:30.94,32.52 2 1
github.com/KyleKing/recipes/goBuild/build.go:32.52,34.29 2 0
github.com/KyleKing/recipes/goBuild/build.go:34.29,36.5 1 0
github.com/KyleKing/recipes/goBuild/build.go:37.4,37.116 1 0
github.com/KyleKing/recipes/goBuild/build.go:39.3,39.41 1 1
github.com/KyleKing/recipes/goBuild/build.go:39.41,41.49 2 1
github.com/KyleKing/recipes/goBuild/build.go:41.49,43.5 1 0
github.com/KyleKing/recipes/goBuild/build.go:44.4,45.22 2 1
github.com/KyleKing/recipes/goBuild/build.go:47.8,49.3 1 1
github.com/KyleKing/recipes/goBuild/build.go:53.88,55.36 2 1
github.com/KyleKing/recipes/goBuild/build.go:55.36,57.3 1 1
github.com/KyleKing/recipes/goBuild/build.go:58.2,58.31 1 1
github.com/KyleKing/recipes/goBuild/build.go:68.130,71.42 1 1
github.com/KyleKing/recipes/goBuild/build.go:71.42,73.3 1 1
github.com/KyleKing/recipes/goBuild/build.go:74.2,74.47 1 1
github.com/KyleKing/recipes/goBuild/build.go:74.47,76.3 1 1
github.com/KyleKing/recipes/goBuild/build.go:77.2,77.15 1 1
github.com/KyleKing/recipes/goBuild/build.go:77.15,78.21 1 1
github.com/KyleKing/recipes/goBuild/build.go:78.21,80.4 1 0
github.com/KyleKing/recipes/goBuild/build.go:81.3,81.30 1 1
github.com/KyleKing/recipes/goBuild/build.go:83.2,83.33 1 1
github.com/KyleKing/recipes/goBuild/build.go:83.33,85.3 1 1
github.com/KyleKing/recipes/goBuild/build.go:86.2,86.48 1 1
github.com/KyleKing/recipes/goBuild/build.go:93.77,94.36 1 1
github.com/KyleKing/recipes/goBuild/build.go:94.36,96.3 1 1
github.com/KyleKing/recipes/goBuild/build.go:97.2,98.51 2 1
github.com/KyleKing/recipes/goBuild/build.go:98.51,99.59 1 1
github.com/KyleKing/recipes/goBuild/build.go:99.59,101.4 1 1
github.com/KyleKing/recipes/goBuild/build.go:103.2,104.12 2 1
github.com/KyleKing/recipes/goBuild/build.go:110.59,112.62 2 1
github.com/KyleKing/recipes/goBuild/build.go:112.62,114.3 1 1
github.com/KyleKing/recipes/goBuild/build.go:115.2,116.70 2 1
github.com/KyleKing/recipes/goBuild/build.go:116.70,118.17 2 1
github.com/KyleKing/recipes/goBuild/build.go:118.17,120.4 1 0
github.com/KyleKing/recipes/goBuild/build.go:121.3,122.33 2 1
github.com/KyleKing/recipes/goBuild/build.go:122.33,123.28 1 1
github.com/KyleKing/recipes/goBuild/build.go:123.28,125.10 2 1
github.com/KyleKing/recipes/goBuild/build.go:128.3,128.13 1 1
github.com/KyleKing/recipes/goBuild/build.go:128.13,130.4 1 1
github.com/KyleKing/recipes/goBuild/build.go:131.3,131.41 1 1
github.com/KyleKing/recipes/goBuild/build.go:133.2,133.13 1 1
github.com/KyleKing/recipes/goBuild/build.go:141.52,144.91 3 1
github.com/KyleKing/recipes/goBuild/build.go:144.91,145.54 1 1
github.com/KyleKing/recipes/goBuild/build.go:145.54,147.4 1 1
github.com/KyleKing/recipes/goBuild/build.go:148.3,149.17 2 1
github.com/KyleKing/recipes/goBuild/build.go:149.17,151.4 1 0
github.com/KyleKing/recipes/goBuild/build.go:152.3,153.64 2 1
github.com/KyleKing/recipes/goBuild/build.go:153.64,156.19 3 1
github.com/KyleKing/recipes/goBuild/build.go:156.19,157.13 1 1
github.com/KyleKing/recipes/goBuild/build.go:159.4,159.47 1 1
github.com/KyleKing/recipes/goBuild/build.go:159.47,161.13 2 1
github.com/KyleKing/recipes/goBuild/build.go:163.4,163.61 1 1
github.com/KyleKing/recipes/goBuild/build.go:163.61,165.5 1 1
github.com/KyleKing/recipes/goBuild/build.go:167.3,167.68 1 1
github.com/KyleKing/recipes/goBuild/build.go:167.68,169.4 1 0
github.com/KyleKing/recipes/goBuild/build.go:170.3,170.13 1 1
github.com/KyleKing/recipes/goBuild/build.go:172.2,172.16 1 1
github.com/KyleKing/recipes/goBuild/build.go:172.16,174.3 1 0
github.com/KyleKing/recipes/goBuild/build.go:175.2,175.21 1 1
github.com/KyleKing/recipes/goBuild/build.go:175.21,177.3 1 1
github.com/KyleKing/recipes/goBuild/build.go:178.2,178.12 1 1
github.com/KyleKing/recipes/goBuild/build.go:182.135,183.77 1 1
github.com/KyleKing/recipes/goBuild/build.go:183.77,189.19 5 1
github.com/KyleKing/recipes/goBuild/build.go:189.19,194.40 4 1
github.com/KyleKing/recipes/goBuild/build.go:194.40,196.5 1 1
github.com/KyleKing/recipes/goBuild/build.go:196.10,196.29 1 0
github.com/KyleKing/recipes/goBuild/build.go:196.29,198.5 1 0
github.com/KyleKing/recipes/goBuild/build.go:198.10,201.5 2 0
github.com/KyleKing/recipes/goBuild/build.go:202.4,202.99 1 1
github.com/KyleKing/recipes/goBuild/build.go:205.3,207.22 3 1
github.com/KyleKing/recipes/goBuild/build.go:207.22,208.40 1 1
github.com/KyleKing/recipes/goBuild/build.go:208.40,210.91 2 1
github.com/KyleKing/recipes/goBuild/build.go:210.91,213.6 2 0
github.com/KyleKing/recipes/goBuild/build.go:214.5,214.139 1 1
github.com/KyleKing/recipes/goBuild/build.go:215.10,219.5 3 1
github.com/KyleKing/recipes/goBuild/build.go:222.3,222.25 1 1
github.com/KyleKing/recipes/goBuild/build.go:222.25,227.4 4 1
github.com/KyleKing/recipes/goBuild/build.go:229.3,229.38 1 1
github.com/KyleKing/recipes/goBuild/build.go:229.38,231.4 1 0
github.com/KyleKing/recipes/goBuild/build.go:236.102,241.74 4 1
github.com/KyleKing/recipes/goBuild/build.go:241.74,242.43 1 1
github.com/KyleKing/recipes/goBuild/build.go:242.43,244.25 2 1
github.com/KyleKing/recipes/goBuild/build.go:244.25,246.5 1 1
github.com/KyleKing/recipes/goBuild/build.go:250.2,250.27 1 1
github.com/KyleKing/recipes/goBuild/build.go:250.27,252.3 1 1
github.com/KyleKing/recipes/goBuild/build.go:254.2,254.35 1 1
github.com/KyleKing/recipes/goBuild/build.go:254.35,255.20 1 1
github.com/KyleKing/recipes/goBuild/build.go:255.20,257.4 1 1
github.com/KyleKing/recipes/goBuild/build.go:258.3,258.23 1 1
github.com/KyleKing/recipes/goBuild/build.go:261.2,261.12 1 1
github.com/KyleKing/recipes/goBuild/build.go:265.84,282.2 5 0
github.com/KyleKing/recipes/goBuild/build.go:285.93,286.69 1 1
github.com/KyleKing/recipes/goBuild/build.go:286.69,287.34 1 1
github.com/KyleKing/recipes/goBuild/build.go:287.34,289.4 1 1
github.com/KyleKing/recipes/goBuild/build.go:291.3,291.36 1 1
github.com/KyleKing/recipes/goBuild/build.go:291.36,293.4 1 1
github.com/KyleKing/recipes/goBuild/build.go:293.9,295.18 2 1
github.com/KyleKing/recipes/goBuild/build.go:295.18,297.5 1 0
github.com/KyleKing/recipes/goBuild/build.go:299.4,328.48 9 1
github.com/KyleKing/recipes/goBuild/build.go:328.48,330.5 1 0
github.com/KyleKing/recipes/goBuild/build.go:333.3,333.41 1 1
github.com/KyleKing/recipes/goBuild/build.go:333.41,335.4 1 0
github.com/KyleKing/recipes/goBuild/build.go:336.3,336.13 1 1
github.com/KyleKing/recipes/goBuild/build.go:341.86,342.33 1 1
github.com/KyleKing/recipes/goBuild/build.go:342.33,350.13 5 1
github.com/KyleKing/recipes/goBuild/build.go:350.13,352.4 1 0
github.com/KyleKing/recipes/goBuild/build.go:352.9,355.18 2 1
github.com/KyleKing/recipes/goBuild/build.go:355.18,357.13 2 0
github.com/KyleKing/recipes/goBuild/build.go:359.4,359.40 1 1
github.com/KyleKing/recipes/goBuild/build.go:363.3,374.38 2 1
github.com/KyleKing/recipes/goBuild/build.go:374.38,376.4 1 1
github.com/KyleKing/recipes/goBuild/build.go:377.3,378.17 2 1
github.com/KyleKing/recipes/goBuild/build.go:378.17,380.4 1 0
github.com/KyleKing/recipes/goBuild/build.go:382.2,382.12 1 1
github.com/KyleKing/recipes/goBuild/build.go:386.77,388.70 2 1
github.com/KyleKing/recipes/goBuild/build.go:388.70,390.3 1 0
github.com/KyleKing/recipes/goBuild/build.go:392.2,392.69 1 1
github.com/KyleKing/recipes/goBuild/build.go:392.69,394.3 1 0
github.com/KyleKing/recipes/goBuild/build.go:395.2,395.12 1 1
github.com/KyleKing/recipes/goBuild/build.go:399.59,400.37 1 1
github.com/KyleKing/recipes/goBuild/build.go:400.37,402.43 1 1
github.com/KyleKing/recipes/goBuild/build.go:402.43,403.42 1 1
github.com/KyleKing/recipes/goBuild/build.go:403.42,405.5 1 1
github.com/KyleKing/recipes/goBuild/build.go:406.4,406.42 1 0
github.com/KyleKing/recipes/goBuild/build.go:408.3,408.52 1 1
github.com/KyleKing/recipes/goBuild/build.go:411.2,411.69 1 1
github.com/KyleKing/recipes/goBuild/build.go:415.70,416.37 1 1
github.com/KyleKing/recipes/goBuild/build.go:416.37,418.3 1 1
github.com/KyleKing/recipes/goBuild/build.go:420.2,420.72 1 1
github.com/KyleKing/recipes/goBuild/build.go:424.59,426.30 2 1
github.com/KyleKing/recipes/goBuild/build.go:426.30,429.3 2 1
github.com/KyleKing/recipes/goBuild/build.go:431.2,435.24 3 1
github.com/KyleKing/recipes/goBuild/build.go:435.24,437.3 1 1
github.com/KyleKing/recipes/goBuild/build.go:438.2,440.27 2 1
github.com/KyleKing/recipes/goBuild/build.go:440.27,445.79 4 1
github.com/KyleKing/recipes/goBuild/build.go:445.79,447.4 1 0
github.com/KyleKing/recipes/goBuild/build.go:448.3,448.58 1 1
github.com/KyleKing/recipes/goBuild/build.go:451.2,454.12 3 1
github.com/KyleKing/recipes/goBuild/build.go:458.30,468.45 5 1
github.com/KyleKing/recipes/goBuild/build.go:468.45,471.3 2 1
github.com/KyleKing/recipes/goBuild/build.go:474.2,518.87 31 1
github.com/KyleKing/recipes/goBuild/build.go:518.87,520.3 1 1
github.com/KyleKing/recipes/goBuild/build.go:521.2,532.69 9 1
github.com/KyleKing/recipes/goBuild/exported.go:13.26,15.2 1 0
github.com/KyleKing/recipes/goBuild/exported.go:18.92,20.2 1 0
github.com/KyleKing/recipes/goBuild/exported.go:23.73,25.2 1 0
github.com/KyleKing/recipes/goBuild/exported.go:28.55,30.2 1 0
github.com/KyleKing/recipes/goBuild/exported.go:33.61,35.2 1 0
github.com/KyleKing/recipes/goBuild/exported.go:38.92,40.2 1 0
github.com/KyleKing/recipes/goBuild/exported.go:43.86,45.2 1 0
github.com/KyleKing/recipes/goBuild/exported.go:48.115,56.2 1 0
github.com/KyleKing/recipes/goBuild/exported.go:59.84,63.67 3 0
github.com/KyleKing/recipes/goBuild/exported.go:63.67,64.43 1 0
github.com/KyleKing/recipes/goBuild/exported.go:64.43,68.59 3 0
github.com/KyleKing/recipes/goBuild/exported.go:68.59,70.5 1 0
github.com/KyleKing/recipes/goBuild/exported.go:73.3,73.39 1 0
github.com/KyleKing/recipes/goBuild/exported.go:73.39,75.4 1 0
github.com/KyleKing/recipes/goBuild/exported.go:78.2,78.27 1 0
github.com/KyleKing/recipes/goBuild/exported.go:78.27,80.18 2 0
github.com/KyleKing/recipes/goBuild/exported.go:80.18,81.9 1 0
github.com/KyleKing/recipes/goBuild/exported.go:85.2,85.14 1 0
github.com/KyleKing/recipes/goBuild/filters.go:20.67,21.33 1 1
github.com/KyleKing/recipes/goBuild/filters.go:21.33,28.61 2 1
github.com/KyleKing/recipes/goBuild/filters.go:28.61,30.4 1 0
github.com/KyleKing/recipes/goBuild/filters.go:30.9,30.67 1 1
github.com/KyleKing/recipes/goBuild/filters.go:30.67,32.4 1 1
github.com/KyleKing/recipes/goBuild/filters.go:34.3,35.22 2 1
github.com/KyleKing/recipes/goBuild/filters.go:39.76,40.27 1 1
github.com/KyleKing/recipes/goBuild/filters.go:40.27,42.3 1 1
github.com/KyleKing/recipes/goBuild/filters.go:44.2,48.30 4 1
github.com/KyleKing/recipes/goBuild/filters.go:48.30,50.3 1 1
github.com/KyleKing/recipes/goBuild/filters.go:52.2,52.17 1 1
github.com/KyleKing/recipes/goBuild/filters.go:55.53,58.2 2 1
github.com/KyleKing/recipes/goBuild/filters.go:60.76,62.33 2 1
github.com/KyleKing/recipes/goBuild/filters.go:62.33,63.24 1 1
github.com/KyleKing/recipes/goBuild/filters.go:63.24,65.4 1 1
github.com/KyleKing/recipes/goBuild/filters.go:67.2,67.17 1 1
github.com/KyleKing/recipes/goBuild/filters.go:70.42,71.48 1 1
github.com/KyleKing/recipes/goBuild/filters.go:71.48,72.70 1 1
github.com/KyleKing/recipes/goBuild/filters.go:72.70,74.4 1 0
github.com/KyleKing/recipes/goBuild/filters.go:75.3,75.70 1 1
github.com/KyleKing/recipes/goBuild/filters.go:75.70,77.4 1 0
github.com/KyleKing/recipes/goBuild/filters.go:78.3,78.58 1 1
github.com/KyleKing/recipes/goBuild/filters.go:82.41,83.48 1 1
github.com/KyleKing/recipes/goBuild/filters.go:83.48,84.70 1 1
github.com/KyleKing/recipes/goBuild/filters.go:84.70,86.4 1 0
github.com/KyleKing/recipes/goBuild/filters.go:87.3,87.70 1 1
github.com/KyleKing/recipes/goBuild/filters.go:87.70,89.4 1 0
github.com/KyleKing/recipes/goBuild/filters.go:90.3,90.59 1 1
github.com/KyleKing/recipes/goBuild/filters.go:94.42,95.48 1 1
github.com/KyleKing/recipes/goBuild/filters.go:95.48,96.72 1 1
github.com/KyleKing/recipes/goBuild/filters.go:96.72,98.4 1 0
github.com/KyleKing/recipes/goBuild/filters.go:99.3,99.72 1 1
github.com/KyleKing/recipes/goBuild/filters.go:99.72,101.4 1 0
github.com/KyleKing/recipes/goBuild/filters.go:102.3,102.61 1 1
github.com/KyleKing/recipes/goBuild/filters.go:106.55,107.24 1 1
github.com/KyleKing/recipes/goBuild/filters.go:107.24,109.3 1 1
github.com/KyleKing/recipes/goBuild/filters.go:110.2,110.16 1 1
github.com/KyleKing/recipes/goBuild/filters.go:113.52,115.25 2 1
github.com/KyleKing/recipes/goBuild/filters.go:115.25,117.3 1 1
github.com/KyleKing/recipes/goBuild/filters.go:118.2,121.29 3 1
github.com/KyleKing/recipes/goBuild/filters.go:121.29,123.3 1 1
github.com/KyleKing/recipes/goBuild/filters.go:125.2,126.36 2 1
github.com/KyleKing/recipes/goBuild/filters.go:126.36,128.3 1 1
github.com/KyleKing/recipes/goBuild/filters.go:130.2,132.44 3 1
github.com/KyleKing/recipes/goBuild/filters.go:132.44,134.76 2 1
github.com/KyleKing/recipes/goBuild/filters.go:134.76,136.4 1 1
github.com/KyleKing/recipes/goBuild/filters.go:139.2,139.58 1 1
github.com/KyleKing/recipes/goBuild/filters.go:139.58,141.3 1 1
github.com/KyleKing/recipes/goBuild/filters.go:142.2,157.3 8 1
github.com/KyleKing/recipes/goBuild/git_info.go:22.38,23.25 1 1
github.com/KyleKing/recipes/goBuild/git_info.go:23.25,36.30 6 1
github.com/KyleKing/recipes/goBuild/git_info.go:36.30,38.4 1 0
github.com/KyleKing/recipes/goBuild/git_info.go:39.3,39.33 1 1
github.com/KyleKing/recipes/goBuild/git_info.go:39.33,41.4 1 0
github.com/KyleKing/recipes/goBuild/git_info.go:43.3,43.30 1 1
github.com/KyleKing/recipes/goBuild/git_info.go:43.30,48.4 1 0
github.com/KyleKing/recipes/goBuild/git_info.go:50.3,50.96 1 1
github.com/KyleKing/recipes/goBuild/git_info.go:54.72,60.16 4 1
github.com/KyleKing/recipes/goBuild/git_info.go:60.16,63.3 2 0
github.com/KyleKing/recipes/goBuild/git_info.go:65.2,68.29 3 1
github.com/KyleKing/recipes/goBuild/git_info.go:68.29,70.17 2 1
github.com/KyleKing/recipes/goBuild/git_info.go:70.17,71.12 1 1
github.com/KyleKing/recipes/goBuild/git_info.go:75.3,75.68 1 0
github.com/KyleKing/recipes/goBuild/git_info.go:75.68,77.4 1 0
github.com/KyleKing/recipes/goBuild/git_info.go:77.9,77.49 1 0
github.com/KyleKing/recipes/goBuild/git_info.go:77.49,79.66 1 0
github.com/KyleKing/recipes/goBuild/git_info.go:79.66,81.5 1 0
github.com/KyleKing/recipes/goBuild/git_info.go:85.2,85.14 1 1
github.com/KyleKing/recipes/goBuild/git_info.go:88.68,94.16 4 1
github.com/KyleKing/recipes/goBuild/git_info.go:94.16,97.3 2 0
github.com/KyleKing/recipes/goBuild/git_info.go:99.2,102.29 3 1
github.com/KyleKing/recipes/goBuild/git_info.go:102.29,104.17 2 1
github.com/KyleKing/recipes/goBuild/git_info.go:104.17,105.12 1 1
github.com/KyleKing/recipes/goBuild/git_info.go:109.3,109.68 1 0
github.com/KyleKing/recipes/goBuild/git_info.go:109.68,111.4 1 0
github.com/KyleKing/recipes/goBuild/git_info.go:111.9,111.49 1 0
github.com/KyleKing/recipes/goBuild/git_info.go:111.49,113.66 1 0
github.com/KyleKing/recipes/goBuild/git_info.go:113.66,115.5 1 0
github.com/KyleKing/recipes/goBuild/git_info.go:119.2,119.14 1 1
github.com/KyleKing/recipes/goBuild/git_info.go:122.67,126.53 3 1
github.com/KyleKing/recipes/goBuild/git_info.go:126.53,128.3 1 0
github.com/KyleKing/recipes/goBuild/git_info.go:130.2,130.33 1 1
github.com/KyleKing/recipes/goBuild/git_info.go:133.65,137.2 3 1
github.com/KyleKing/recipes/goBuild/helpers.go:10.37,12.47 2 1
github.com/KyleKing/recipes/goBuild/helpers.go:12.47,13.20 1 1
github.com/KyleKing/recipes/goBuild/helpers.go:13.20,16.4 2 1
github.com/KyleKing/recipes/goBuild/helpers.go:18.2,18.33 1 1
github.com/KyleKing/recipes/goBuild/helpers.go:21.38,24.2 2 1
github.com/KyleKing/recipes/goBuild/helpers.go:26.38,28.2 1 1
github.com/KyleKing/recipes/goBuild/helpers.go:30.29,31.16 1 1
github.com/KyleKing/recipes/goBuild/helpers.go:31.16,33.3 1 0
github.com/KyleKing/recipes/goBuild/helpers.go:36.49,38.19 2 1
github.com/KyleKing/recipes/goBuild/helpers.go:38.19,40.3 1 1
github.com/KyleKing/recipes/goBuild/helpers.go:41.2,42.13 2 1
github.com/KyleKing/recipes/goBuild/helpers.go:46.42,49.2 2 1
github.com/KyleKing/recipes/goBuild/ingredient_mentions.go:36.36,38.2 1 1
github.com/KyleKing/recipes/goBuild/ingredient_mentions.go:45.43,48.23 3 1
github.com/KyleKing/recipes/goBuild/ingredient_mentions.go:48.23,49.40 1 1
github.com/KyleKing/recipes/goBuild/ingredient_mentions.go:49.40,50.9 1 1
github.com/KyleKing/recipes/goBuild/ingredient_mentions.go:52.3,53.40 2 1
github.com/KyleKing/recipes/goBuild/ingredient_mentions.go:53.40,55.4 1 1
github.com/KyleKing/recipes/goBuild/ingredient_mentions.go:57.2,57.16 1 1
github.com/KyleKing/recipes/goBuild/ingredient_mentions.go:60.35,61.9 1 1
github.com/KyleKing/recipes/goBuild/ingredient_mentions.go:62.54,63.28 1 0
github.com/KyleKing/recipes/goBuild/ingredient_mentions.go:64.70,65.28 1 1
github.com/KyleKing/recipes/goBuild/ingredient_mentions.go:67.2,67.13 1 1
github.com/KyleKing/recipes/goBuild/ingredient_mentions.go:73.50,74.46 1 1
github.com/KyleKing/recipes/goBuild/ingredient_mentions.go:74.46,76.3 1 1
github.com/KyleKing/recipes/goBuild/ingredient_mentions.go:77.2,78.29 2 1
github.com/KyleKing/recipes/goBuild/ingredient_mentions.go:78.29,80.3 1 1
github.com/KyleKing/recipes/goBuild/ingredient_mentions.go:81.2,83.17 3 1
github.com/KyleKing/recipes/goBuild/ingredient_mentions.go:92.48,94.79 2 1
github.com/KyleKing/recipes/goBuild/ingredient_mentions.go:94.79,96.3 1 1
github.com/KyleKing/recipes/goBuild/ingredient_mentions.go:97.2,97.14 1 1
github.com/KyleKing/recipes/goBuild/ingredient_mentions.go:102.113,103.38 1 1
github.com/KyleKing/recipes/goBuild/ingredient_mentions.go:103.38,104.10 1 1
github.com/KyleKing/recipes/goBuild/ingredient_mentions.go:105.31,106.12 1 0
github.com/KyleKing/recipes/goBuild/ingredient_mentions.go:107.41,108.48 1 1
github.com/KyleKing/recipes/goBuild/ingredient_mentions.go:108.48,110.5 1 1
github.com/KyleKing/recipes/goBuild/ingredient_mentions.go:111.82,112.12 1 0
github.com/KyleKing/recipes/goBuild/ingredient_mentions.go:113.43,115.33 2 1
github.com/KyleKing/recipes/goBuild/ingredient_mentions.go:116.11,117.35 1 0
github.com/KyleKing/recipes/goBuild/ingredient_mentions.go:122.49,125.2 1 1
github.com/KyleKing/recipes/goBuild/ingredient_mentions.go:129.90,130.42 1 1
github.com/KyleKing/recipes/goBuild/ingredient_mentions.go:130.42,132.3 1 1
github.com/KyleKing/recipes/goBuild/ingredient_mentions.go:133.2,133.38 1 1
github.com/KyleKing/recipes/goBuild/ingredient_mentions.go:133.38,134.44 1 1
github.com/KyleKing/recipes/goBuild/ingredient_mentions.go:134.44,135.12 1 0
github.com/KyleKing/recipes/goBuild/ingredient_mentions.go:137.3,137.66 1 1
github.com/KyleKing/recipes/goBuild/ingredient_mentions.go:137.66,139.4 1 1
github.com/KyleKing/recipes/goBuild/ingredient_mentions.go:140.3,140.54 1 1
github.com/KyleKing/recipes/goBuild/ingredient_mentions.go:142.2,142.18 1 0
github.com/KyleKing/recipes/goBuild/ingredient_mentions.go:145.194,147.105 2 1
github.com/KyleKing/recipes/goBuild/ingredient_mentions.go:147.105,149.3 1 1
github.com/KyleKing/recipes/goBuild/ingredient_mentions.go:150.2,150.49 1 1
github.com/KyleKing/recipes/goBuild/ingredient_mentions.go:150.49,151.52 1 1
github.com/KyleKing/recipes/goBuild/ingredient_mentions.go:151.52,153.4 1 1
github.com/KyleKing/recipes/goBuild/ingredient_mentions.go:155.2,155.87 1 1
github.com/KyleKing/recipes/goBuild/ingredient_mentions.go:155.87,157.3 1 1
github.com/KyleKing/recipes/goBuild/ingredient_mentions.go:158.2,158.38 1 1
github.com/KyleKing/recipes/goBuild/ingredient_mentions.go:158.38,160.3 1 1
github.com/KyleKing/recipes/goBuild/ingredient_mentions.go:167.102,170.27 3 1
github.com/KyleKing/recipes/goBuild/ingredient_mentions.go:170.27,172.3 1 1
github.com/KyleKing/recipes/goBuild/ingredient_mentions.go:176.2,180.29 4 1
github.com/KyleKing/recipes/goBuild/ingredient_mentions.go:180.29,188.39 6 1
github.com/KyleKing/recipes/goBuild/ingredient_mentions.go:188.39,189.58 1 1
github.com/KyleKing/recipes/goBuild/ingredient_mentions.go:189.58,191.5 1 1
github.com/KyleKing/recipes/goBuild/ingredient_mentions.go:193.3,194.39 2 1
github.com/KyleKing/recipes/goBuild/ingredient_mentions.go:194.39,195.85 1 1
github.com/KyleKing/recipes/goBuild/ingredient_mentions.go:195.85,196.13 1 1
github.com/KyleKing/recipes/goBuild/ingredient_mentions.go:198.4,198.58 1 1
github.com/KyleKing/recipes/goBuild/ingredient_mentions.go:198.58,199.58 1 1
github.com/KyleKing/recipes/goBuild/ingredient_mentions.go:199.58,200.14 1 1
github.com/KyleKing/recipes/goBuild/ingredient_mentions.go:202.5,204.10 3 1
github.com/KyleKing/recipes/goBuild/ingredient_mentions.go:207.3,207.27 1 1
github.com/KyleKing/recipes/goBuild/ingredient_mentions.go:207.27,208.37 1 1
github.com/KyleKing/recipes/goBuild/ingredient_mentions.go:208.37,210.5 1 1
github.com/KyleKing/recipes/goBuild/ingredient_mentions.go:212.3,212.60 1 1
github.com/KyleKing/recipes/goBuild/ingredient_mentions.go:212.60,213.26 1 1
github.com/KyleKing/recipes/goBuild/ingredient_mentions.go:213.26,215.5 1 1
github.com/KyleKing/recipes/goBuild/ingredient_mentions.go:218.2,218.21 1 1
github.com/KyleKing/recipes/goBuild/ingredient_mentions.go:218.21,221.3 2 1
github.com/KyleKing/recipes/goBuild/ingredient_mentions.go:222.2,222.23 1 1
github.com/KyleKing/recipes/goBuild/ingredient_mentions.go:222.23,225.3 2 1
github.com/KyleKing/recipes/goBuild/ingredient_mentions.go:226.2,226.12 1 1
github.com/KyleKing/recipes/goBuild/ingredient_mentions.go:230.49,231.29 1 1
github.com/KyleKing/recipes/goBuild/ingredient_mentions.go:231.29,233.34 2 1
github.com/KyleKing/recipes/goBuild/ingredient_mentions.go:233.34,236.4 2 1
github.com/KyleKing/recipes/goBuild/ingredient_mentions.go:237.3,237.14 1 1
github.com/KyleKing/recipes/goBuild/ingredient_mentions.go:237.14,239.4 1 1
github.com/KyleKing/recipes/goBuild/ingredient_mentions.go:241.2,241.14 1 1
github.com/KyleKing/recipes/goBuild/ingredient_refs.go:18.81,20.2 1 1
github.com/KyleKing/recipes/goBuild/ingredient_refs.go:25.40,27.2 1 1
github.com/KyleKing/recipes/goBuild/ingredient_refs.go:30.88,32.20 2 0
github.com/KyleKing/recipes/goBuild/ingredient_refs.go:32.20,35.3 2 0
github.com/KyleKing/recipes/goBuild/ingredient_refs.go:36.2,38.33 3 0
github.com/KyleKing/recipes/goBuild/ingredient_refs.go:41.71,44.2 2 1
github.com/KyleKing/recipes/goBuild/ingredient_refs.go:48.141,49.105 1 1
github.com/KyleKing/recipes/goBuild/ingredient_refs.go:49.105,51.3 1 1
github.com/KyleKing/recipes/goBuild/ingredient_refs.go:52.2,52.39 1 1
github.com/KyleKing/recipes/goBuild/ingredient_refs.go:52.39,53.46 1 1
github.com/KyleKing/recipes/goBuild/ingredient_refs.go:53.46,54.14 1 1
github.com/KyleKing/recipes/goBuild/ingredient_refs.go:54.14,56.5 1 1
github.com/KyleKing/recipes/goBuild/ingredient_refs.go:56.10,58.5 1 1
github.com/KyleKing/recipes/goBuild/ingredient_refs.go:61.2,61.38 1 1
github.com/KyleKing/recipes/goBuild/ingredient_refs.go:61.38,63.3 1 1
github.com/KyleKing/recipes/goBuild/ingredient_refs.go:68.79,72.28 4 1
github.com/KyleKing/recipes/goBuild/ingredient_refs.go:72.28,74.3 1 0
github.com/KyleKing/recipes/goBuild/ingredient_refs.go:75.2,76.13 2 1
github.com/KyleKing/recipes/goBuild/ingredient_refs.go:79.126,81.27 2 1
github.com/KyleKing/recipes/goBuild/ingredient_refs.go:81.27,83.3 1 1
github.com/KyleKing/recipes/goBuild/ingredient_refs.go:84.2,84.29 1 1
github.com/KyleKing/recipes/goBuild/ingredient_refs.go:110.40,112.2 1 1
github.com/KyleKing/recipes/goBuild/ingredient_refs.go:116.38,117.30 1 1
github.com/KyleKing/recipes/goBuild/ingredient_refs.go:117.30,119.3 1 1
github.com/KyleKing/recipes/goBuild/ingredient_refs.go:120.2,120.54 1 1
github.com/KyleKing/recipes/goBuild/ingredient_refs.go:120.54,122.3 1 1
github.com/KyleKing/recipes/goBuild/ingredient_refs.go:123.2,124.47 2 1
github.com/KyleKing/recipes/goBuild/ingredient_refs.go:124.47,126.3 1 1
github.com/KyleKing/recipes/goBuild/ingredient_refs.go:127.2,127.19 1 1
github.com/KyleKing/recipes/goBuild/ingredient_refs.go:127.19,129.3 1 1
github.com/KyleKing/recipes/goBuild/ingredient_refs.go:130.2,130.11 1 1
github.com/KyleKing/recipes/goBuild/ingredient_refs.go:135.98,138.30 3 1
github.com/KyleKing/recipes/goBuild/ingredient_refs.go:138.30,139.21 1 1
github.com/KyleKing/recipes/goBuild/ingredient_refs.go:139.21,141.4 1 1
github.com/KyleKing/recipes/goBuild/ingredient_refs.go:143.2,143.28 1 1
github.com/KyleKing/recipes/goBuild/ingredient_refs.go:143.28,144.48 1 1
github.com/KyleKing/recipes/goBuild/ingredient_refs.go:144.48,146.4 1 1
github.com/KyleKing/recipes/goBuild/ingredient_refs.go:148.2,148.24 1 1
github.com/KyleKing/recipes/goBuild/ingredient_refs.go:148.24,151.3 2 1
github.com/KyleKing/recipes/goBuild/ingredient_refs.go:152.2,152.23 1 1
github.com/KyleKing/recipes/goBuild/ingredient_refs.go:152.23,154.3 1 1
github.com/KyleKing/recipes/goBuild/ingredient_refs.go:155.2,156.121 2 1
github.com/KyleKing/recipes/goBuild/ingredient_refs.go:159.81,161.25 2 1
github.com/KyleKing/recipes/goBuild/ingredient_refs.go:161.25,163.14 2 1
github.com/KyleKing/recipes/goBuild/ingredient_refs.go:163.14,164.12 1 0
github.com/KyleKing/recipes/goBuild/ingredient_refs.go:166.3,167.29 2 1
github.com/KyleKing/recipes/goBuild/ingredient_refs.go:167.29,169.4 1 0
github.com/KyleKing/recipes/goBuild/ingredient_refs.go:171.2,171.13 1 1
github.com/KyleKing/recipes/goBuild/ingredient_refs.go:174.46,176.16 2 1
github.com/KyleKing/recipes/goBuild/ingredient_refs.go:176.16,178.3 1 0
github.com/KyleKing/recipes/goBuild/ingredient_refs.go:179.2,179.43 1 1
github.com/KyleKing/recipes/goBuild/ingredients.go:18.26,19.20 1 1
github.com/KyleKing/recipes/goBuild/ingredients.go:19.20,22.17 3 1
github.com/KyleKing/recipes/goBuild/ingredients.go:22.17,24.4 1 0
github.com/KyleKing/recipes/goBuild/ingredients.go:26.2,26.12 1 1
github.com/KyleKing/recipes/goBuild/ingredients.go:86.54,88.55 2 1
github.com/KyleKing/recipes/goBuild/ingredients.go:88.55,90.3 1 1
github.com/KyleKing/recipes/goBuild/ingredients.go:91.2,91.23 1 1
github.com/KyleKing/recipes/goBuild/ingredients.go:97.73,101.44 3 1
github.com/KyleKing/recipes/goBuild/ingredients.go:101.44,116.32 6 1
github.com/KyleKing/recipes/goBuild/ingredients.go:116.32,120.35 2 1
github.com/KyleKing/recipes/goBuild/ingredients.go:120.35,121.13 1 1
github.com/KyleKing/recipes/goBuild/ingredients.go:125.4,125.37 1 1
github.com/KyleKing/recipes/goBuild/ingredients.go:125.37,126.13 1 1
github.com/KyleKing/recipes/goBuild/ingredients.go:130.4,135.74 4 1
github.com/KyleKing/recipes/goBuild/ingredients.go:135.74,138.5 1 0
github.com/KyleKing/recipes/goBuild/ingredients.go:140.4,140.32 1 1
github.com/KyleKing/recipes/goBuild/ingredients.go:140.32,146.25 3 1
github.com/KyleKing/recipes/goBuild/ingredients.go:146.25,155.6 4 1
github.com/KyleKing/recipes/goBuild/ingredients.go:160.3,160.21 1 1
github.com/KyleKing/recipes/goBuild/ingredients.go:160.21,162.33 2 1
github.com/KyleKing/recipes/goBuild/ingredients.go:162.33,163.48 1 1
github.com/KyleKing/recipes/goBuild/ingredients.go:163.48,165.53 2 1
github.com/KyleKing/recipes/goBuild/ingredients.go:165.53,168.7 2 1
github.com/KyleKing/recipes/goBuild/ingredients.go:174.3,174.21 1 1
github.com/KyleKing/recipes/goBuild/ingredients.go:174.21,176.40 2 1
github.com/KyleKing/recipes/goBuild/ingredients.go:176.40,177.46 1 1
github.com/KyleKing/recipes/goBuild/ingredients.go:177.46,179.6 1 1
github.com/KyleKing/recipes/goBuild/ingredients.go:184.2,184.16 1 1
github.com/KyleKing/recipes/goBuild/ingredients.go:188.69,189.29 1 1
github.com/KyleKing/recipes/goBuild/ingredients.go:189.29,190.45 1 1
github.com/KyleKing/recipes/goBuild/ingredients.go:190.45,192.4 1 1
github.com/KyleKing/recipes/goBuild/ingredients.go:194.2,194.18 1 0
github.com/KyleKing/recipes/goBuild/ingredients.go:199.72,204.24 3 1
github.com/KyleKing/recipes/goBuild/ingredients.go:204.24,206.3 1 1
github.com/KyleKing/recipes/goBuild/ingredients.go:208.2,208.29 1 1
github.com/KyleKing/recipes/goBuild/ingredients.go:208.29,210.44 1 1
github.com/KyleKing/recipes/goBuild/ingredients.go:210.44,213.25 1 0
github.com/KyleKing/recipes/goBuild/ingredients.go:213.25,215.56 2 0
github.com/KyleKing/recipes/goBuild/ingredients.go:215.56,219.6 2 0
github.com/KyleKing/recipes/goBuild/ingredients.go:224.2,224.18 1 1
github.com/KyleKing/recipes/goBuild/ingredients.go:228.88,231.29 2 1
github.com/KyleKing/recipes/goBuild/ingredients.go:231.29,236.30 3 1
github.com/KyleKing/recipes/goBuild/ingredients.go:236.30,237.12 1 1
github.com/KyleKing/recipes/goBuild/ingredients.go:241.3,241.65 1 1
github.com/KyleKing/recipes/goBuild/ingredients.go:241.65,242.12 1 1
github.com/KyleKing/recipes/goBuild/ingredients.go:246.3,246.26 1 1
github.com/KyleKing/recipes/goBuild/ingredients.go:246.26,247.12 1 1
github.com/KyleKing/recipes/goBuild/ingredients.go:255.3,255.18 1 1
github.com/KyleKing/recipes/goBuild/ingredients.go:256.57,258.47 1 1
github.com/KyleKing/recipes/goBuild/ingredients.go:258.47,260.5 1 1
github.com/KyleKing/recipes/goBuild/ingredients.go:261.19,263.37 1 1
github.com/KyleKing/recipes/goBuild/ingredients.go:264.15,266.39 1 1
github.com/KyleKing/recipes/goBuild/ingredients.go:266.39,268.5 1 1
github.com/KyleKing/recipes/goBuild/ingredients.go:269.14,273.25 1 0
github.com/KyleKing/recipes/goBuild/ingredients.go:273.25,275.5 1 0
github.com/KyleKing/recipes/goBuild/ingredients.go:279.2,279.14 1 1
github.com/KyleKing/recipes/goBuild/ingredients.go:285.98,299.33 2 1
github.com/KyleKing/recipes/goBuild/ingredients.go:299.33,301.3 1 1
github.com/KyleKing/recipes/goBuild/ingredients.go:303.2,303.29 1 1
github.com/KyleKing/recipes/goBuild/ingredients.go:303.29,304.28 1 1
github.com/KyleKing/recipes/goBuild/ingredients.go:304.28,307.68 2 1
github.com/KyleKing/recipes/goBuild/ingredients.go:307.68,308.33 1 1
github.com/KyleKing/recipes/goBuild/ingredients.go:308.33,310.6 1 1
github.com/KyleKing/recipes/goBuild/ingredients.go:318.71,320.39 1 1
github.com/KyleKing/recipes/goBuild/ingredients.go:320.39,322.3 1 1
github.com/KyleKing/recipes/goBuild/ingredients.go:325.2,325.39 1 1
github.com/KyleKing/recipes/goBuild/ingredients.go:325.39,326.24 1 1
github.com/KyleKing/recipes/goBuild/ingredients.go:326.24,328.4 1 1
github.com/KyleKing/recipes/goBuild/ingredients.go:331.3,335.45 2 1
github.com/KyleKing/recipes/goBuild/ingredients.go:335.45,336.12 1 1
github.com/KyleKing/recipes/goBuild/ingredients.go:339.3,340.36 2 1
github.com/KyleKing/recipes/goBuild/ingredients.go:340.36,342.4 1 1
github.com/KyleKing/recipes/goBuild/ingredients.go:345.2,345.15 1 0
github.com/KyleKing/recipes/goBuild/ingredients.go:349.44,351.2 1 1
github.com/KyleKing/recipes/goBuild/ingredients.go:354.38,368.2 2 1
github.com/KyleKing/recipes/goBuild/ingredients.go:372.45,374.2 1 1
github.com/KyleKing/recipes/goBuild/ingredients.go:376.43,380.22 3 1
github.com/KyleKing/recipes/goBuild/ingredients.go:380.22,381.15 1 1
github.com/KyleKing/recipes/goBuild/ingredients.go:381.15,383.12 2 1
github.com/KyleKing/recipes/goBuild/ingredients.go:385.3,385.15 1 1
github.com/KyleKing/recipes/goBuild/ingredients.go:385.15,387.12 2 1
github.com/KyleKing/recipes/goBuild/ingredients.go:389.3,389.22 1 1
github.com/KyleKing/recipes/goBuild/ingredients.go:389.22,391.4 1 1
github.com/KyleKing/recipes/goBuild/ingredients.go:393.2,393.34 1 1
github.com/KyleKing/recipes/goBuild/ingredients.go:396.44,402.21 4 1
github.com/KyleKing/recipes/goBuild/ingredients.go:402.21,404.3 1 0
github.com/KyleKing/recipes/goBuild/ingredients.go:407.2,428.29 4 1
github.com/KyleKing/recipes/goBuild/ingredients.go:428.29,429.42 1 1
github.com/KyleKing/recipes/goBuild/ingredients.go:429.42,430.12 1 1
github.com/KyleKing/recipes/goBuild/ingredients.go:432.3,432.38 1 1
github.com/KyleKing/recipes/goBuild/ingredients.go:432.38,433.12 1 1
github.com/KyleKing/recipes/goBuild/ingredients.go:435.3,436.42 2 1
github.com/KyleKing/recipes/goBuild/ingredients.go:440.2,440.74 1 1
github.com/KyleKing/recipes/goBuild/ingredients.go:440.74,442.3 1 0
github.com/KyleKing/recipes/goBuild/ingredients.go:444.2,444.39 1 1
github.com/KyleKing/recipes/goBuild/ingredients.go:447.32,450.21 2 1
github.com/KyleKing/recipes/goBuild/ingredients.go:450.21,452.3 1 1
github.com/KyleKing/recipes/goBuild/ingredients.go:453.2,453.51 1 1
github.com/KyleKing/recipes/goBuild/ingredients.go:456.50,457.21 1 1
github.com/KyleKing/recipes/goBuild/ingredients.go:457.21,459.3 1 1
github.com/KyleKing/recipes/goBuild/ingredients.go:462.2,475.51 2 1
github.com/KyleKing/recipes/goBuild/ingredients.go:478.48,479.20 1 1
github.com/KyleKing/recipes/goBuild/ingredients.go:479.20,481.3 1 1
github.com/KyleKing/recipes/goBuild/ingredients.go:484.2,504.47 2 1
github.com/KyleKing/recipes/goBuild/ingredients.go:507.31,510.23 2 1
github.com/KyleKing/recipes/goBuild/ingredients.go:510.23,512.3 1 1
github.com/KyleKing/recipes/goBuild/ingredients.go:513.2,513.28 1 1
github.com/KyleKing/recipes/goBuild/ingredients.go:513.28,514.51 1 1
github.com/KyleKing/recipes/goBuild/ingredients.go:514.51,516.4 1 1
github.com/KyleKing/recipes/goBuild/ingredients.go:518.2,518.13 1 1
github.com/KyleKing/recipes/goBuild/ingredients.go:521.61,526.34 4 1
github.com/KyleKing/recipes/goBuild/ingredients.go:526.34,527.39 1 1
github.com/KyleKing/recipes/goBuild/ingredients.go:527.39,529.4 1 1
github.com/KyleKing/recipes/goBuild/ingredients.go:532.2,532.33 1 1
github.com/KyleKing/recipes/goBuild/ingredients.go:532.33,534.3 1 1
github.com/KyleKing/recipes/goBuild/ingredients.go:536.2,536.12 1 1
github.com/KyleKing/recipes/goBuild/ingredients.go:539.92,544.30 4 1
github.com/KyleKing/recipes/goBuild/ingredients.go:544.30,547.3 2 1
github.com/KyleKing/recipes/goBuild/ingredients.go:549.2,549.30 1 1
github.com/KyleKing/recipes/goBuild/ingredients.go:549.30,552.3 2 1
github.com/KyleKing/recipes/goBuild/ingredients.go:554.2,554.30 1 1
github.com/KyleKing/recipes/goBuild/ingredients.go:554.30,555.22 1 1
github.com/KyleKing/recipes/goBuild/ingredients.go:555.22,558.4 2 1
github.com/KyleKing/recipes/goBuild/ingredients.go:561.2,561.40 1 1
github.com/KyleKing/recipes/goBuild/ingredients.go:561.40,563.3 1 1
github.com/KyleKing/recipes/goBuild/ingredients.go:565.2,565.69 1 1
github.com/KyleKing/recipes/goBuild/ingredients.go:568.86,572.44 3 1
github.com/KyleKing/recipes/goBuild/ingredients.go:572.44,574.3 1 0
github.com/KyleKing/recipes/goBuild/ingredients.go:578.2,582.29 4 1
github.com/KyleKing/recipes/goBuild/ingredients.go:582.29,584.18 2 1
github.com/KyleKing/recipes/goBuild/ingredients.go:584.18,587.4 1 1
github.com/KyleKing/recipes/goBuild/ingredients.go:588.3,588.32 1 1
github.com/KyleKing/recipes/goBuild/ingredients.go:591.2,591.29 1 1
github.com/KyleKing/recipes/goBuild/ingredients.go:591.29,593.18 2 1
github.com/KyleKing/recipes/goBuild/ingredients.go:593.18,595.4 1 1
github.com/KyleKing/recipes/goBuild/ingredients.go:596.3,596.32 1 1
github.com/KyleKing/recipes/goBuild/ingredients.go:599.2,599.29 1 1
github.com/KyleKing/recipes/goBuild/ingredients.go:599.29,600.21 1 1
github.com/KyleKing/recipes/goBuild/ingredients.go:600.21,602.19 2 1
github.com/KyleKing/recipes/goBuild/ingredients.go:602.19,604.5 1 1
github.com/KyleKing/recipes/goBuild/ingredients.go:605.4,605.33 1 1
github.com/KyleKing/recipes/goBuild/ingredients.go:609.2,609.40 1 1
github.com/KyleKing/recipes/goBuild/ingredients.go:609.40,611.3 1 0
github.com/KyleKing/recipes/goBuild/ingredients.go:613.2,613.69 1 1
github.com/KyleKing/recipes/goBuild/ingredients.go:616.55,626.29 5 1
github.com/KyleKing/recipes/goBuild/ingredients.go:626.29,628.47 2 1
github.com/KyleKing/recipes/goBuild/ingredients.go:628.47,630.4 1 1
github.com/KyleKing/recipes/goBuild/ingredients.go:633.2,633.15 1 1
github.com/KyleKing/recipes/goBuild/ingredients.go:636.90,641.2 3 0
github.com/KyleKing/recipes/goBuild/ingredients.go:643.53,645.23 2 1
github.com/KyleKing/recipes/goBuild/ingredients.go:645.23,646.15 1 1
github.com/KyleKing/recipes/goBuild/ingredients.go:646.15,648.4 1 1
github.com/KyleKing/recipes/goBuild/ingredients.go:650.2,651.15 2 1
github.com/KyleKing/recipes/goBuild/ingredients.go:654.135,658.35 3 1
github.com/KyleKing/recipes/goBuild/ingredients.go:658.35,660.3 1 1
github.com/KyleKing/recipes/goBuild/ingredients.go:661.2,663.37 2 1
github.com/KyleKing/recipes/goBuild/ingredients.go:663.37,664.34 1 1
github.com/KyleKing/recipes/goBuild/ingredients.go:664.34,665.12 1 1
github.com/KyleKing/recipes/goBuild/ingredients.go:667.3,678.90 6 1
github.com/KyleKing/recipes/goBuild/ingredients.go:678.90,692.4 2 1
github.com/KyleKing/recipes/goBuild/ingredients.go:695.2,695.47 1 1
github.com/KyleKing/recipes/goBuild/ingredients.go:695.47,697.3 1 1
github.com/KyleKing/recipes/goBuild/ingredients.go:699.2,699.30 1 1
github.com/KyleKing/recipes/goBuild/ingredients.go:699.30,701.3 1 0
github.com/KyleKing/recipes/goBuild/ingredients.go:703.2,703.15 1 1
github.com/KyleKing/recipes/goBuild/related_recipes.go:13.92,18.85 4 1
github.com/KyleKing/recipes/goBuild/related_recipes.go:18.85,20.39 2 1
github.com/KyleKing/recipes/goBuild/related_recipes.go:20.39,21.138 1 1
github.com/KyleKing/recipes/goBuild/related_recipes.go:21.138,23.19 2 1
github.com/KyleKing/recipes/goBuild/related_recipes.go:23.19,25.6 1 1
github.com/KyleKing/recipes/goBuild/related_recipes.go:28.3,28.38 1 1
github.com/KyleKing/recipes/goBuild/related_recipes.go:31.2,32.95 2 1
github.com/KyleKing/recipes/goBuild/related_recipes.go:32.95,34.39 2 1
github.com/KyleKing/recipes/goBuild/related_recipes.go:34.39,35.46 1 1
github.com/KyleKing/recipes/goBuild/related_recipes.go:35.46,37.19 2 1
github.com/KyleKing/recipes/goBuild/related_recipes.go:37.19,39.6 1 1
github.com/KyleKing/recipes/goBuild/related_recipes.go:40.5,40.48 1 1
github.com/KyleKing/recipes/goBuild/related_recipes.go:40.48,41.158 1 1
github.com/KyleKing/recipes/goBuild/related_recipes.go:41.158,43.7 1 1
github.com/KyleKing/recipes/goBuild/related_recipes.go:47.3,47.15 1 1
github.com/KyleKing/recipes/goBuild/related_recipes.go:50.2,51.67 2 1
github.com/KyleKing/recipes/goBuild/related_recipes.go:51.67,52.43 1 1
github.com/KyleKing/recipes/goBuild/related_recipes.go:52.43,56.43 3 1
github.com/KyleKing/recipes/goBuild/related_recipes.go:56.43,58.5 1 1
github.com/KyleKing/recipes/goBuild/related_recipes.go:61.3,61.39 1 1
github.com/KyleKing/recipes/goBuild/related_recipes.go:61.39,63.4 1 1
github.com/KyleKing/recipes/goBuild/related_recipes.go:65.3,65.90 1 1
github.com/KyleKing/recipes/goBuild/related_recipes.go:65.90,66.56 1 1
github.com/KyleKing/recipes/goBuild/related_recipes.go:66.56,68.5 1 1
github.com/KyleKing/recipes/goBuild/related_recipes.go:72.2,72.27 1 1
github.com/KyleKing/recipes/goBuild/related_recipes.go:72.27,74.3 1 1
github.com/KyleKing/recipes/goBuild/related_recipes.go:76.2,76.20 1 1
github.com/KyleKing/recipes/goBuild/related_recipes.go:79.97,87.33 5 1
github.com/KyleKing/recipes/goBuild/related_recipes.go:87.33,96.13 6 1
github.com/KyleKing/recipes/goBuild/related_recipes.go:96.13,98.4 1 0
github.com/KyleKing/recipes/goBuild/related_recipes.go:98.9,101.18 2 1
github.com/KyleKing/recipes/goBuild/related_recipes.go:101.18,103.13 2 0
github.com/KyleKing/recipes/goBuild/related_recipes.go:106.4,107.49 2 1
github.com/KyleKing/recipes/goBuild/related_recipes.go:111.3,111.113 1 1
github.com/KyleKing/recipes/goBuild/related_recipes.go:111.113,114.4 2 0
github.com/KyleKing/recipes/goBuild/related_recipes.go:114.9,121.18 4 1
github.com/KyleKing/recipes/goBuild/related_recipes.go:121.18,124.5 2 0
github.com/KyleKing/recipes/goBuild/related_recipes.go:126.4,132.5 1 1
github.com/KyleKing/recipes/goBuild/related_recipes.go:135.3,141.4 1 1
github.com/KyleKing/recipes/goBuild/related_recipes.go:145.2,145.54 1 1
github.com/KyleKing/recipes/goBuild/related_recipes.go:145.54,147.3 1 0
github.com/KyleKing/recipes/goBuild/related_recipes.go:149.2,151.14 2 1
github.com/KyleKing/recipes/goBuild/related_recipes.go:154.67,156.2 1 1
github.com/KyleKing/recipes/goBuild/related_recipes.go:158.94,161.33 3 1
github.com/KyleKing/recipes/goBuild/related_recipes.go:161.33,162.44 1 1
github.com/KyleKing/recipes/goBuild/related_recipes.go:162.44,168.37 4 1
github.com/KyleKing/recipes/goBuild/related_recipes.go:168.37,170.5 1 1
github.com/KyleKing/recipes/goBuild/related_recipes.go:171.4,176.23 5 1
github.com/KyleKing/recipes/goBuild/related_recipes.go:179.2,179.61 1 1
github.com/KyleKing/recipes/goBuild/schemas.go:16.35,18.2 1 1
github.com/KyleKing/recipes/goBuild/schemas.go:27.91,30.80 3 1
github.com/KyleKing/recipes/goBuild/schemas.go:30.80,32.3 1 1
github.com/KyleKing/recipes/goBuild/schemas.go:33.2,39.3 2 1
github.com/KyleKing/recipes/goBuild/schemas.go:57.69,69.2 1 1
github.com/KyleKing/recipes/goBuild/schemas.go:111.36,115.2 1 1
github.com/KyleKing/recipes/goBuild/schemas.go:117.62,122.2 4 1
github.com/KyleKing/recipes/goBuild/schemas.go:124.62,128.2 3 1
github.com/KyleKing/recipes/goBuild/similarity_cache.go:30.32,32.2 1 1
github.com/KyleKing/recipes/goBuild/similarity_cache.go:34.29,36.2 1 1
github.com/KyleKing/recipes/goBuild/similarity_cache.go:38.55,40.16 2 1
github.com/KyleKing/recipes/goBuild/similarity_cache.go:40.16,42.3 1 1
github.com/KyleKing/recipes/goBuild/similarity_cache.go:43.2,46.47 3 1
github.com/KyleKing/recipes/goBuild/similarity_cache.go:46.47,48.3 1 0
github.com/KyleKing/recipes/goBuild/similarity_cache.go:50.2,50.46 1 1
github.com/KyleKing/recipes/goBuild/similarity_cache.go:53.45,57.16 3 1
github.com/KyleKing/recipes/goBuild/similarity_cache.go:57.16,58.26 1 1
github.com/KyleKing/recipes/goBuild/similarity_cache.go:58.26,60.4 1 0
github.com/KyleKing/recipes/goBuild/similarity_cache.go:61.3,64.4 1 1
github.com/KyleKing/recipes/goBuild/similarity_cache.go:67.2,68.53 2 0
github.com/KyleKing/recipes/goBuild/similarity_cache.go:68.53,74.3 2 0
github.com/KyleKing/recipes/goBuild/similarity_cache.go:76.2,76.15 1 0
github.com/KyleKing/recipes/goBuild/similarity_cache.go:79.56,80.41 1 1
github.com/KyleKing/recipes/goBuild/similarity_cache.go:80.41,82.3 1 0
github.com/KyleKing/recipes/goBuild/similarity_cache.go:84.2,87.16 3 1
github.com/KyleKing/recipes/goBuild/similarity_cache.go:87.16,89.3 1 0
github.com/KyleKing/recipes/goBuild/similarity_cache.go:91.2,92.61 2 1
github.com/KyleKing/recipes/goBuild/similarity_cache.go:92.61,94.3 1 0
github.com/KyleKing/recipes/goBuild/similarity_cache.go:96.2,96.12 1 1
github.com/KyleKing/recipes/goBuild/similarity_cache.go:99.80,101.47 1 1
github.com/KyleKing/recipes/goBuild/similarity_cache.go:101.47,103.3 1 1
github.com/KyleKing/recipes/goBuild/similarity_cache.go:106.2,107.16 2 1
github.com/KyleKing/recipes/goBuild/similarity_cache.go:107.16,109.3 1 0
github.com/KyleKing/recipes/goBuild/similarity_cache.go:112.2,112.39 1 1
github.com/KyleKing/recipes/goBuild/substitutions.go:28.88,29.51 1 1
github.com/KyleKing/recipes/goBuild/substitutions.go:29.51,32.3 2 1
github.com/KyleKing/recipes/goBuild/substitutions.go:33.2,34.51 2 1
github.com/KyleKing/recipes/goBuild/substitutions.go:39.86,40.41 1 1
github.com/KyleKing/recipes/goBuild/substitutions.go:40.41,41.41 1 1
github.com/KyleKing/recipes/goBuild/substitutions.go:41.41,42.54 1 1
github.com/KyleKing/recipes/goBuild/substitutions.go:42.54,44.5 1 1
github.com/KyleKing/recipes/goBuild/substitutions.go:47.2,47.11 1 1
github.com/KyleKing/recipes/goBuild/substitutions.go:50.71,52.2 1 1
github.com/KyleKing/recipes/goBuild/substitutions.go:54.117,56.41 2 1
github.com/KyleKing/recipes/goBuild/substitutions.go:56.41,57.21 1 1
github.com/KyleKing/recipes/goBuild/substitutions.go:58.32,59.66 1 1
github.com/KyleKing/recipes/goBuild/substitutions.go:59.66,61.5 1 1
github.com/KyleKing/recipes/goBuild/substitutions.go:62.4,63.43 2 1
github.com/KyleKing/recipes/goBuild/substitutions.go:64.38,65.40 1 1
github.com/KyleKing/recipes/goBuild/substitutions.go:65.40,67.5 1 1
github.com/KyleKing/recipes/goBuild/substitutions.go:68.34,69.32 1 1
github.com/KyleKing/recipes/goBuild/substitutions.go:72.2,72.47 1 1
github.com/KyleKing/recipes/goBuild/substitutions.go:72.47,74.3 1 1
github.com/KyleKing/recipes/goBuild/substitutions.go:75.2,75.21 1 1
github.com/KyleKing/recipes/goBuild/substitutions.go:75.21,77.3 1 1
github.com/KyleKing/recipes/goBuild/substitutions.go:78.2,79.20 2 1
github.com/KyleKing/recipes/goBuild/substitutions.go:83.81,85.57 2 1
github.com/KyleKing/recipes/goBuild/substitutions.go:85.57,87.3 1 1
github.com/KyleKing/recipes/goBuild/substitutions.go:88.2,89.16 2 1
github.com/KyleKing/recipes/goBuild/substitutions.go:89.16,91.3 1 0
github.com/KyleKing/recipes/goBuild/substitutions.go:92.2,92.21 1 1
github.com/KyleKing/recipes/goBuild/substitutions.go:92.21,94.3 1 0
github.com/KyleKing/recipes/goBuild/substitutions.go:95.2,98.29 3 1
github.com/KyleKing/recipes/goBuild/substitutions.go:98.29,100.17 2 1
github.com/KyleKing/recipes/goBuild/substitutions.go:100.17,102.4 1 0
github.com/KyleKing/recipes/goBuild/substitutions.go:103.3,104.17 2 1
github.com/KyleKing/recipes/goBuild/substitutions.go:104.17,106.4 1 0
github.com/KyleKing/recipes/goBuild/substitutions.go:107.3,108.55 2 1
github.com/KyleKing/recipes/goBuild/substitutions.go:108.55,109.42 1 1
github.com/KyleKing/recipes/goBuild/substitutions.go:109.42,110.65 1 1
github.com/KyleKing/recipes/goBuild/substitutions.go:110.65,112.6 1 1
github.com/KyleKing/recipes/goBuild/substitutions.go:116.2,116.19 1 1
github.com/KyleKing/recipes/goBuild/substitutions.go:119.68,121.16 2 1
github.com/KyleKing/recipes/goBuild/substitutions.go:121.16,123.3 1 0
github.com/KyleKing/recipes/goBuild/substitutions.go:124.2,124.84 1 1
github.com/KyleKing/recipes/goBuild/temperatures.go:30.89,32.41 2 1
github.com/KyleKing/recipes/goBuild/temperatures.go:32.41,33.41 1 1
github.com/KyleKing/recipes/goBuild/temperatures.go:33.41,35.4 1 1
github.com/KyleKing/recipes/goBuild/temperatures.go:37.2,37.13 1 1
github.com/KyleKing/recipes/goBuild/temperatures.go:40.125,43.41 3 1
github.com/KyleKing/recipes/goBuild/temperatures.go:43.41,44.21 1 1
github.com/KyleKing/recipes/goBuild/temperatures.go:45.32,46.66 1 1
github.com/KyleKing/recipes/goBuild/temperatures.go:46.66,48.5 1 1
github.com/KyleKing/recipes/goBuild/temperatures.go:49.4,50.39 2 1
github.com/KyleKing/recipes/goBuild/temperatures.go:51.38,52.40 1 1
github.com/KyleKing/recipes/goBuild/temperatures.go:52.40,55.50 3 1
github.com/KyleKing/recipes/goBuild/temperatures.go:55.50,57.6 1 1
github.com/KyleKing/recipes/goBuild/temperatures.go:59.34,60.32 1 1
github.com/KyleKing/recipes/goBuild/temperatures.go:63.2,63.48 1 1
github.com/KyleKing/recipes/goBuild/temperatures.go:63.48,65.3 1 0
github.com/KyleKing/recipes/goBuild/temperatures.go:66.2,66.20 1 1
github.com/KyleKing/recipes/goBuild/temperatures.go:66.20,68.3 1 0
github.com/KyleKing/recipes/goBuild/temperatures.go:69.2,70.26 2 1
github.com/KyleKing/recipes/goBuild/temperatures.go:73.77,75.57 2 1
github.com/KyleKing/recipes/goBuild/temperatures.go:75.57,77.3 1 1
github.com/KyleKing/recipes/goBuild/temperatures.go:78.2,79.16 2 1
github.com/KyleKing/recipes/goBuild/temperatures.go:79.16,81.3 1 0
github.com/KyleKing/recipes/goBuild/temperatures.go:82.2,82.21 1 1
github.com/KyleKing/recipes/goBuild/temperatures.go:82.21,84.3 1 0
github.com/KyleKing/recipes/goBuild/temperatures.go:85.2,88.29 3 1
github.com/KyleKing/recipes/goBuild/temperatures.go:88.29,90.17 2 1
github.com/KyleKing/recipes/goBuild/temperatures.go:90.17,92.4 1 0
github.com/KyleKing/recipes/goBuild/temperatures.go:93.3,94.17 2 1
github.com/KyleKing/recipes/goBuild/temperatures.go:94.17,96.4 1 0
github.com/KyleKing/recipes/goBuild/temperatures.go:97.3,98.55 2 1
github.com/KyleKing/recipes/goBuild/temperatures.go:98.55,99.42 1 1
github.com/KyleKing/recipes/goBuild/temperatures.go:99.42,101.12 2 1
github.com/KyleKing/recipes/goBuild/temperatures.go:101.12,102.14 1 1
github.com/KyleKing/recipes/goBuild/temperatures.go:104.5,104.30 1 1
github.com/KyleKing/recipes/goBuild/temperatures.go:104.30,105.46 1 1
github.com/KyleKing/recipes/goBuild/temperatures.go:105.46,107.7 1 0
github.com/KyleKing/recipes/goBuild/temperatures.go:108.6,108.24 1 1
github.com/KyleKing/recipes/goBuild/temperatures.go:113.2,113.19 1 1
github.com/KyleKing/recipes/goBuild/temperatures.go:117.92,119.25 2 1
github.com/KyleKing/recipes/goBuild/temperatures.go:119.25,120.21 1 1
github.com/KyleKing/recipes/goBuild/temperatures.go:120.21,122.4 1 1
github.com/KyleKing/recipes/goBuild/temperatures.go:124.2,124.23 1 1
github.com/KyleKing/recipes/goBuild/temperatures.go:124.23,126.3 1 1
github.com/KyleKing/recipes/goBuild/temperatures.go:127.2,128.112 2 1
github.com/KyleKing/recipes/goBuild/temperatures.go:131.93,133.16 2 1
github.com/KyleKing/recipes/goBuild/temperatures.go:133.16,135.3 1 0
github.com/KyleKing/recipes/goBuild/temperatures.go:136.2,136.65 1 1
github.com/KyleKing/recipes/goBuild/temperatures.go:136.65,138.3 1 0
github.com/KyleKing/recipes/goBuild/temperatures.go:139.2,139.83 1 1
github.com/KyleKing/recipes/goBuild/templates_templ.go:28.41,30.2 1 1
github.com/KyleKing/recipes/goBuild/templates_templ.go:32.107,33.131 1 1
github.com/KyleKing/recipes/goBuild/templates_templ.go:33.131,35.71 2 1
github.com/KyleKing/recipes/goBuild/templates_templ.go:35.71,37.4 1 0
github.com/KyleKing/recipes/goBuild/templates_templ.go:38.3,39.31 2 1
github.com/KyleKing/recipes/goBuild/templates_templ.go:39.31,40.17 1 0
github.com/KyleKing/recipes/goBuild/templates_templ.go:40.17,42.34 2 0
github.com/KyleKing/recipes/goBuild/templates_templ.go:42.34,44.6 1 0
github.com/KyleKing/recipes/goBuild/templates_templ.go:47.3,49.33 3 1
github.com/KyleKing/recipes/goBuild/templates_templ.go:49.33,51.4 1 0
github.com/KyleKing/recipes/goBuild/templates_templ.go:52.3,54.32 3 1
github.com/KyleKing/recipes/goBuild/templates_templ.go:54.32,56.4 1 0
github.com/KyleKing/recipes/goBuild/templates_templ.go:57.3,59.32 3 1
github.com/KyleKing/recipes/goBuild/templates_templ.go:59.32,61.4 1 0
github.com/KyleKing/recipes/goBuild/templates_templ.go:62.3,63.32 2 1
github.com/KyleKing/recipes/goBuild/templates_templ.go:63.32,65.4 1 0
github.com/KyleKing/recipes/goBuild/templates_templ.go:66.3,67.32 2 1
github.com/KyleKing/recipes/goBuild/templates_templ.go:67.32,69.4 1 0
github.com/KyleKing/recipes/goBuild/templates_templ.go:70.3,70.29 1 1
github.com/KyleKing/recipes/goBuild/templates_templ.go:70.29,72.33 2 1
github.com/KyleKing/recipes/goBuild/templates_templ.go:72.33,74.5 1 0
github.com/KyleKing/recipes/goBuild/templates_templ.go:75.4,77.33 3 1
github.com/KyleKing/recipes/goBuild/templates_templ.go:77.33,79.5 1 0
github.com/KyleKing/recipes/goBuild/templates_templ.go:80.4,81.33 2 1
github.com/KyleKing/recipes/goBuild/templates_templ.go:81.33,83.5 1 0
github.com/KyleKing/recipes/goBuild/templates_templ.go:84.4,85.33 2 1
github.com/KyleKing/recipes/goBuild/templates_templ.go:85.33,87.5 1 0
github.com/KyleKing/recipes/goBuild/templates_templ.go:88.4,90.33 3 1
github.com/KyleKing/recipes/goBuild/templates_templ.go:90.33,92.5 1 0
github.com/KyleKing/recipes/goBuild/templates_templ.go:93.4,94.33 2 1
github.com/KyleKing/recipes/goBuild/templates_templ.go:94.33,96.5 1 0
github.com/KyleKing/recipes/goBuild/templates_templ.go:97.4,98.33 2 1
github.com/KyleKing/recipes/goBuild/templates_templ.go:98.33,100.5 1 0
github.com/KyleKing/recipes/goBuild/templates_templ.go:101.4,103.33 3 1
github.com/KyleKing/recipes/goBuild/templates_templ.go:103.33,105.5 1 0
github.com/KyleKing/recipes/goBuild/templates_templ.go:106.4,107.33 2 1
github.com/KyleKing/recipes/goBuild/templates_templ.go:107.33,109.5 1 0
github.com/KyleKing/recipes/goBuild/templates_templ.go:110.4,111.33 2 1
github.com/KyleKing/recipes/goBuild/templates_templ.go:111.33,113.5 1 0
github.com/KyleKing/recipes/goBuild/templates_templ.go:114.4,116.33 3 1
github.com/KyleKing/recipes/goBuild/templates_templ.go:116.33,118.5 1 0
github.com/KyleKing/recipes/goBuild/templates_templ.go:119.4,120.33 2 1
github.com/KyleKing/recipes/goBuild/templates_templ.go:120.33,122.5 1 0
github.com/KyleKing/recipes/goBuild/templates_templ.go:123.4,124.33 2 1
github.com/KyleKing/recipes/goBuild/templates_templ.go:124.33,126.5 1 0
github.com/KyleKing/recipes/goBuild/templates_templ.go:127.4,129.33 3 1
github.com/KyleKing/recipes/goBuild/templates_templ.go:129.33,131.5 1 0
github.com/KyleKing/recipes/goBuild/templates_templ.go:132.4,133.33 2 1
github.com/KyleKing/recipes/goBuild/templates_templ.go:133.33,135.5 1 0
github.com/KyleKing/recipes/goBuild/templates_templ.go:136.4,137.33 2 1
github.com/KyleKing/recipes/goBuild/templates_templ.go:137.33,139.5 1 0
github.com/KyleKing/recipes/goBuild/templates_templ.go:140.4,142.33 3 1
github.com/KyleKing/recipes/goBuild/templates_templ.go:142.33,144.5 1 0
github.com/KyleKing/recipes/goBuild/templates_templ.go:145.4,146.33 2 1
github.com/KyleKing/recipes/goBuild/templates_templ.go:146.33,148.5 1 0
github.com/KyleKing/recipes/goBuild/templates_templ.go:149.4,150.33 2 1
github.com/KyleKing/recipes/goBuild/templates_templ.go:150.33,152.5 1 0
github.com/KyleKing/recipes/goBuild/templates_templ.go:153.4,155.33 3 1
github.com/KyleKing/recipes/goBuild/templates_templ.go:155.33,157.5 1 0
github.com/KyleKing/recipes/goBuild/templates_templ.go:158.4,159.33 2 1
github.com/KyleKing/recipes/goBuild/templates_templ.go:159.33,161.5 1 0
github.com/KyleKing/recipes/goBuild/templates_templ.go:162.4,163.33 2 1
github.com/KyleKing/recipes/goBuild/templates_templ.go:163.33,165.5 1 0
github.com/KyleKing/recipes/goBuild/templates_templ.go:167.3,167.30 1 1
github.com/KyleKing/recipes/goBuild/templates_templ.go:167.30,169.33 2 1
github.com/KyleKing/recipes/goBuild/templates_templ.go:169.33,171.5 1 0
github.com/KyleKing/recipes/goBuild/templates_templ.go:173.3,174.32 2 1
github.com/KyleKing/recipes/goBuild/templates_templ.go:174.32,176.4 1 0
github.com/KyleKing/recipes/goBuild/templates_templ.go:177.3,177.31 1 1
github.com/KyleKing/recipes/goBuild/templates_templ.go:177.31,179.33 2 1
github.com/KyleKing/recipes/goBuild/templates_templ.go:179.33,181.5 1 0
github.com/KyleKing/recipes/goBuild/templates_templ.go:183.3,184.32 2 1
github.com/KyleKing/recipes/goBuild/templates_templ.go:184.32,186.4 1 0
github.com/KyleKing/recipes/goBuild/templates_templ.go:187.3,188.32 2 1
github.com/KyleKing/recipes/goBuild/templates_templ.go:188.32,190.4 1 0
github.com/KyleKing/recipes/goBuild/templates_templ.go:191.3,192.32 2 1
github.com/KyleKing/recipes/goBuild/templates_templ.go:192.32,194.4 1 0
github.com/KyleKing/recipes/goBuild/templates_templ.go:195.3,195.29 1 1
github.com/KyleKing/recipes/goBuild/templates_templ.go:195.29,197.33 2 1
github.com/KyleKing/recipes/goBuild/templates_templ.go:197.33,199.5 1 0
github.com/KyleKing/recipes/goBuild/templates_templ.go:200.4,202.33 3 1
github.com/KyleKing/recipes/goBuild/templates_templ.go:202.33,204.5 1 0
github.com/KyleKing/recipes/goBuild/templates_templ.go:205.4,206.33 2 1
github.com/KyleKing/recipes/goBuild/templates_templ.go:206.33,208.5 1 0
github.com/KyleKing/recipes/goBuild/templates_templ.go:209.4,210.33 2 1
github.com/KyleKing/recipes/goBuild/templates_templ.go:210.33,212.5 1 0
github.com/KyleKing/recipes/goBuild/templates_templ.go:214.3,215.32 2 1
github.com/KyleKing/recipes/goBuild/templates_templ.go:215.32,217.4 1 0
github.com/KyleKing/recipes/goBuild/templates_templ.go:218.3,218.13 1 1
github.com/KyleKing/recipes/goBuild/templates_templ.go:222.78,223.131 1 1
github.com/KyleKing/recipes/goBuild/templates_templ.go:223.131,225.71 2 1
github.com/KyleKing/recipes/goBuild/templates_templ.go:225.71,227.4 1 0
github.com/KyleKing/recipes/goBuild/templates_templ.go:228.3,229.31 2 1
github.com/KyleKing/recipes/goBuild/templates_templ.go:229.31,230.17 1 1
github.com/KyleKing/recipes/goBuild/templates_templ.go:230.17,232.34 2 1
github.com/KyleKing/recipes/goBuild/templates_templ.go:232.34,234.6 1 1
github.com/KyleKing/recipes/goBuild/templates_templ.go:237.3,239.34 3 1
github.com/KyleKing/recipes/goBuild/templates_templ.go:239.34,241.4 1 0
github.com/KyleKing/recipes/goBuild/templates_templ.go:242.3,244.32 3 1
github.com/KyleKing/recipes/goBuild/templates_templ.go:244.32,246.4 1 0
github.com/KyleKing/recipes/goBuild/templates_templ.go:247.3,247.13 1 1
github.com/KyleKing/recipes/goBuild/templates_templ.go:251.43,252.23 1 1
github.com/KyleKing/recipes/goBuild/templates_templ.go:252.23,254.3 1 1
github.com/KyleKing/recipes/goBuild/templates_templ.go:255.2,255.29 1 0
github.com/KyleKing/recipes/goBuild/templates_templ.go:258.71,259.131 1 1
github.com/KyleKing/recipes/goBuild/templates_templ.go:259.131,261.71 2 1
github.com/KyleKing/recipes/goBuild/templates_templ.go:261.71,263.4 1 0
github.com/KyleKing/recipes/goBuild/templates_templ.go:264.3,265.31 2 1
github.com/KyleKing/recipes/goBuild/templates_templ.go:265.31,266.17 1 0
github.com/KyleKing/recipes/goBuild/templates_templ.go:266.17,268.34 2 0
github.com/KyleKing/recipes/goBuild/templates_templ.go:268.34,270.6 1 0
github.com/KyleKing/recipes/goBuild/templates_templ.go:273.3,275.34 3 1
github.com/KyleKing/recipes/goBuild/templates_templ.go:275.34,277.4 1 0
github.com/KyleKing/recipes/goBuild/templates_templ.go:278.3,280.32 3 1
github.com/KyleKing/recipes/goBuild/templates_templ.go:280.32,282.4 1 0
github.com/KyleKing/recipes/goBuild/templates_templ.go:283.3,283.62 1 1
github.com/KyleKing/recipes/goBuild/templates_templ.go:283.62,285.33 2 0
github.com/KyleKing/recipes/goBuild/templates_templ.go:285.33,287.5 1 0
github.com/KyleKing/recipes/goBuild/templates_templ.go:289.3,289.67 1 1
github.com/KyleKing/recipes/goBuild/templates_templ.go:289.67,291.33 2 0
github.com/KyleKing/recipes/goBuild/templates_templ.go:291.33,293.5 1 0
github.com/KyleKing/recipes/goBuild/templates_templ.go:295.3,295.37 1 1
github.com/KyleKing/recipes/goBuild/templates_templ.go:295.37,297.33 2 0
github.com/KyleKing/recipes/goBuild/templates_templ.go:297.33,299.5 1 0
github.com/KyleKing/recipes/goBuild/templates_templ.go:300.9,302.33 2 1
github.com/KyleKing/recipes/goBuild/templates_templ.go:302.33,304.5 1 0
github.com/KyleKing/recipes/goBuild/templates_templ.go:306.3,306.62 1 1
github.com/KyleKing/recipes/goBuild/templates_templ.go:306.62,308.33 2 0
github.com/KyleKing/recipes/goBuild/templates_templ.go:308.33,310.5 1 0
github.com/KyleKing/recipes/goBuild/templates_templ.go:312.3,312.67 1 1
github.com/KyleKing/recipes/goBuild/templates_templ.go:312.67,314.33 2 0
github.com/KyleKing/recipes/goBuild/templates_templ.go:314.33,316.5 1 0
github.com/KyleKing/recipes/goBuild/templates_templ.go:318.3,318.13 1 1
github.com/KyleKing/recipes/goBuild/templates_templ.go:322.49,323.131 1 0
github.com/KyleKing/recipes/goBuild/templates_templ.go:323.131,325.71 2 0
github.com/KyleKing/recipes/goBuild/templates_templ.go:325.71,327.4 1 0
github.com/KyleKing/recipes/goBuild/templates_templ.go:328.3,329.31 2 0
github.com/KyleKing/recipes/goBuild/templates_templ.go:329.31,330.17 1 0
github.com/KyleKing/recipes/goBuild/templates_templ.go:330.17,332.34 2 0
github.com/KyleKing/recipes/goBuild/templates_templ.go:332.34,334.6 1 0
github.com/KyleKing/recipes/goBuild/templates_templ.go:337.3,339.34 3 0
github.com/KyleKing/recipes/goBuild/templates_templ.go:339.34,341.4 1 0
github.com/KyleKing/recipes/goBuild/templates_templ.go:342.3,344.32 3 0
github.com/KyleKing/recipes/goBuild/templates_templ.go:344.32,346.4 1 0
github.com/KyleKing/recipes/goBuild/templates_templ.go:347.3,347.13 1 0
github.com/KyleKing/recipes/goBuild/templates_templ.go:351.49,352.131 1 0
github.com/KyleKing/recipes/goBuild/templates_templ.go:352.131,354.71 2 0
github.com/KyleKing/recipes/goBuild/templates_templ.go:354.71,356.4 1 0
github.com/KyleKing/recipes/goBuild/templates_templ.go:357.3,358.31 2 0
github.com/KyleKing/recipes/goBuild/templates_templ.go:358.31,359.17 1 0
github.com/KyleKing/recipes/goBuild/templates_templ.go:359.17,361.34 2 0
github.com/KyleKing/recipes/goBuild/templates_templ.go:361.34,363.6 1 0
github.com/KyleKing/recipes/goBuild/templates_templ.go:366.3,368.34 3 0
github.com/KyleKing/recipes/goBuild/templates_templ.go:368.34,370.4 1 0
github.com/KyleKing/recipes/goBuild/templates_templ.go:371.3,373.32 3 0
github.com/KyleKing/recipes/goBuild/templates_templ.go:373.32,375.4 1 0
github.com/KyleKing/recipes/goBuild/templates_templ.go:376.3,376.13 1 0
github.com/KyleKing/recipes/goBuild/templates_templ.go:380.76,381.131 1 0
github.com/KyleKing/recipes/goBuild/templates_templ.go:381.131,383.71 2 0
github.com/KyleKing/recipes/goBuild/templates_templ.go:383.71,385.4 1 0
github.com/KyleKing/recipes/goBuild/templates_templ.go:386.3,387.31 2 0
github.com/KyleKing/recipes/goBuild/templates_templ.go:387.31,388.17 1 0
github.com/KyleKing/recipes/goBuild/templates_templ.go:388.17,390.34 2 0
github.com/KyleKing/recipes/goBuild/templates_templ.go:390.34,392.6 1 0
github.com/KyleKing/recipes/goBuild/templates_templ.go:395.3,397.34 3 0
github.com/KyleKing/recipes/goBuild/templates_templ.go:397.34,399.4 1 0
github.com/KyleKing/recipes/goBuild/templates_templ.go:400.3,402.32 3 0
github.com/KyleKing/recipes/goBuild/templates_templ.go:402.32,404.4 1 0
github.com/KyleKing/recipes/goBuild/templates_templ.go:405.3,405.42 1 0
github.com/KyleKing/recipes/goBuild/templates_templ.go:405.42,407.33 2 0
github.com/KyleKing/recipes/goBuild/templates_templ.go:407.33,409.5 1 0
github.com/KyleKing/recipes/goBuild/templates_templ.go:410.4,412.33 3 0
github.com/KyleKing/recipes/goBuild/templates_templ.go:412.33,414.5 1 0
github.com/KyleKing/recipes/goBuild/templates_templ.go:415.4,416.33 2 0
github.com/KyleKing/recipes/goBuild/templates_templ.go:416.33,418.5 1 0
github.com/KyleKing/recipes/goBuild/templates_templ.go:419.4,420.33 2 0
github.com/KyleKing/recipes/goBuild/templates_templ.go:420.33,422.5 1 0
github.com/KyleKing/recipes/goBuild/templates_templ.go:423.4,425.33 3 0
github.com/KyleKing/recipes/goBuild/templates_templ.go:425.33,427.5 1 0
github.com/KyleKing/recipes/goBuild/templates_templ.go:428.4,429.33 2 0
github.com/KyleKing/recipes/goBuild/templates_templ.go:429.33,431.5 1 0
github.com/KyleKing/recipes/goBuild/templates_templ.go:432.4,433.33 2 0
github.com/KyleKing/recipes/goBuild/templates_templ.go:433.33,435.5 1 0
github.com/KyleKing/recipes/goBuild/templates_templ.go:436.4,438.33 3 0
github.com/KyleKing/recipes/goBuild/templates_templ.go:438.33,440.5 1 0
github.com/KyleKing/recipes/goBuild/templates_templ.go:441.4,442.33 2 0
github.com/KyleKing/recipes/goBuild/templates_templ.go:442.33,444.5 1 0
github.com/KyleKing/recipes/goBuild/templates_templ.go:445.4,446.33 2 0
github.com/KyleKing/recipes/goBuild/templates_templ.go:446.33,448.5 1 0
github.com/KyleKing/recipes/goBuild/templates_templ.go:449.4,451.33 3 0
github.com/KyleKing/recipes/goBuild/templates_templ.go:451.33,453.5 1 0
github.com/KyleKing/recipes/goBuild/templates_templ.go:454.4,455.33 2 0
github.com/KyleKing/recipes/goBuild/templates_templ.go:455.33,457.5 1 0
github.com/KyleKing/recipes/goBuild/templates_templ.go:458.4,459.33 2 0
github.com/KyleKing/recipes/goBuild/templates_templ.go:459.33,461.5 1 0
github.com/KyleKing/recipes/goBuild/templates_templ.go:462.4,464.33 3 0
github.com/KyleKing/recipes/goBuild/templates_templ.go:464.33,466.5 1 0
github.com/KyleKing/recipes/goBuild/templates_templ.go:467.4,468.33 2 0
github.com/KyleKing/recipes/goBuild/templates_templ.go:468.33,470.5 1 0
github.com/KyleKing/recipes/goBuild/templates_templ.go:471.4,472.33 2 0
github.com/KyleKing/recipes/goBuild/templates_templ.go:472.33,474.5 1 0
github.com/KyleKing/recipes/goBuild/templates_templ.go:475.4,475.42 1 0
github.com/KyleKing/recipes/goBuild/templates_templ.go:475.42,477.34 2 0
github.com/KyleKing/recipes/goBuild/templates_templ.go:477.34,479.6 1 0
github.com/KyleKing/recipes/goBuild/templates_templ.go:480.5,482.34 3 0
github.com/KyleKing/recipes/goBuild/templates_templ.go:482.34,484.6 1 0
github.com/KyleKing/recipes/goBuild/templates_templ.go:485.5,486.34 2 0
github.com/KyleKing/recipes/goBuild/templates_templ.go:486.34,488.6 1 0
github.com/KyleKing/recipes/goBuild/templates_templ.go:489.5,490.34 2 0
github.com/KyleKing/recipes/goBuild/templates_templ.go:490.34,492.6 1 0
github.com/KyleKing/recipes/goBuild/templates_templ.go:494.4,494.41 1 0
github.com/KyleKing/recipes/goBuild/templates_templ.go:494.41,496.34 2 0
github.com/KyleKing/recipes/goBuild/templates_templ.go:496.34,498.6 1 0
github.com/KyleKing/recipes/goBuild/templates_templ.go:499.5,501.34 3 0
github.com/KyleKing/recipes/goBuild/templates_templ.go:501.34,503.6 1 0
github.com/KyleKing/recipes/goBuild/templates_templ.go:504.5,505.34 2 0
github.com/KyleKing/recipes/goBuild/templates_templ.go:505.34,507.6 1 0
github.com/KyleKing/recipes/goBuild/templates_templ.go:508.5,509.34 2 0
github.com/KyleKing/recipes/goBuild/templates_templ.go:509.34,511.6 1 0
github.com/KyleKing/recipes/goBuild/templates_templ.go:513.4,514.33 2 0
github.com/KyleKing/recipes/goBuild/templates_templ.go:514.33,516.5 1 0
github.com/KyleKing/recipes/goBuild/templates_templ.go:517.4,519.33 3 0
github.com/KyleKing/recipes/goBuild/templates_templ.go:519.33,521.5 1 0
github.com/KyleKing/recipes/goBuild/templates_templ.go:522.4,523.33 2 0
github.com/KyleKing/recipes/goBuild/templates_templ.go:523.33,525.5 1 0
github.com/KyleKing/recipes/goBuild/templates_templ.go:526.4,527.33 2 0
github.com/KyleKing/recipes/goBuild/templates_templ.go:527.33,529.5 1 0
github.com/KyleKing/recipes/goBuild/templates_templ.go:530.4,532.33 3 0
github.com/KyleKing/recipes/goBuild/templates_templ.go:532.33,534.5 1 0
github.com/KyleKing/recipes/goBuild/templates_templ.go:535.4,536.33 2 0
github.com/KyleKing/recipes/goBuild/templates_templ.go:536.33,538.5 1 0
github.com/KyleKing/recipes/goBuild/templates_templ.go:539.4,540.33 2 0
github.com/KyleKing/recipes/goBuild/templates_templ.go:540.33,542.5 1 0
github.com/KyleKing/recipes/goBuild/templates_templ.go:544.3,545.32 2 0
github.com/KyleKing/recipes/goBuild/templates_templ.go:545.32,547.4 1 0
github.com/KyleKing/recipes/goBuild/templates_templ.go:548.3,548.13 1 0
github.com/KyleKing/recipes/goBuild/templates_templ.go:552.54,553.131 1 1
github.com/KyleKing/recipes/goBuild/templates_templ.go:553.131,555.71 2 1
github.com/KyleKing/recipes/goBuild/templates_templ.go:555.71,557.4 1 0
github.com/KyleKing/recipes/goBuild/templates_templ.go:558.3,559.31 2 1
github.com/KyleKing/recipes/goBuild/templates_templ.go:559.31,560.17 1 0
github.com/KyleKing/recipes/goBuild/templates_templ.go:560.17,562.34 2 0
github.com/KyleKing/recipes/goBuild/templates_templ.go:562.34,564.6 1 0
github.com/KyleKing/recipes/goBuild/templates_templ.go:567.3,569.34 3 1
github.com/KyleKing/recipes/goBuild/templates_templ.go:569.34,571.4 1 0
github.com/KyleKing/recipes/goBuild/templates_templ.go:572.3,574.32 3 1
github.com/KyleKing/recipes/goBuild/templates_templ.go:574.32,576.4 1 0
github.com/KyleKing/recipes/goBuild/templates_templ.go:577.3,579.32 3 1
github.com/KyleKing/recipes/goBuild/templates_templ.go:579.32,581.4 1 0
github.com/KyleKing/recipes/goBuild/templates_templ.go:582.3,583.32 2 1
github.com/KyleKing/recipes/goBuild/templates_templ.go:583.32,585.4 1 0
github.com/KyleKing/recipes/goBuild/templates_templ.go:586.3,587.32 2 1
github.com/KyleKing/recipes/goBuild/templates_templ.go:587.32,589.4 1 0
github.com/KyleKing/recipes/goBuild/templates_templ.go:590.3,590.39 1 1
github.com/KyleKing/recipes/goBuild/templates_templ.go:590.39,592.33 2 1
github.com/KyleKing/recipes/goBuild/templates_templ.go:592.33,594.5 1 0
github.com/KyleKing/recipes/goBuild/templates_templ.go:595.4,597.33 3 1
github.com/KyleKing/recipes/goBuild/templates_templ.go:597.33,599.5 1 0
github.com/KyleKing/recipes/goBuild/templates_templ.go:600.4,601.33 2 1
github.com/KyleKing/recipes/goBuild/templates_templ.go:601.33,603.5 1 0
github.com/KyleKing/recipes/goBuild/templates_templ.go:604.4,605.33 2 1
github.com/KyleKing/recipes/goBuild/templates_templ.go:605.33,607.5 1 0
github.com/KyleKing/recipes/goBuild/templates_templ.go:608.4,610.33 3 1
github.com/KyleKing/recipes/goBuild/templates_templ.go:610.33,612.5 1 0
github.com/KyleKing/recipes/goBuild/templates_templ.go:613.4,614.33 2 1
github.com/KyleKing/recipes/goBuild/templates_templ.go:614.33,616.5 1 0
github.com/KyleKing/recipes/goBuild/templates_templ.go:617.4,618.33 2 1
github.com/KyleKing/recipes/goBuild/templates_templ.go:618.33,620.5 1 0
github.com/KyleKing/recipes/goBuild/templates_templ.go:621.4,623.33 3 1
github.com/KyleKing/recipes/goBuild/templates_templ.go:623.33,625.5 1 0
github.com/KyleKing/recipes/goBuild/templates_templ.go:626.4,627.33 2 1
github.com/KyleKing/recipes/goBuild/templates_templ.go:627.33,629.5 1 0
github.com/KyleKing/recipes/goBuild/templates_templ.go:630.4,631.33 2 1
github.com/KyleKing/recipes/goBuild/templates_templ.go:631.33,633.5 1 0
github.com/KyleKing/recipes/goBuild/templates_templ.go:635.3,636.32 2 1
github.com/KyleKing/recipes/goBuild/templates_templ.go:636.32,638.4 1 0
github.com/KyleKing/recipes/goBuild/templates_templ.go:639.3,639.13 1 1
github.com/KyleKing/recipes/goBuild/templates_templ.go:643.39,644.131 1 1
github.com/KyleKing/recipes/goBuild/templates_templ.go:644.131,646.71 2 1
github.com/KyleKing/recipes/goBuild/templates_templ.go:646.71,648.4 1 0
github.com/KyleKing/recipes/goBuild/templates_templ.go:649.3,650.31 2 1
github.com/KyleKing/recipes/goBuild/templates_templ.go:650.31,651.17 1 0
github.com/KyleKing/recipes/goBuild/templates_templ.go:651.17,653.34 2 0
github.com/KyleKing/recipes/goBuild/templates_templ.go:653.34,655.6 1 0
github.com/KyleKing/recipes/goBuild/templates_templ.go:658.3,660.34 3 1
github.com/KyleKing/recipes/goBuild/templates_templ.go:660.34,662.4 1 0
github.com/KyleKing/recipes/goBuild/templates_templ.go:663.3,665.32 3 1
github.com/KyleKing/recipes/goBuild/templates_templ.go:665.32,667.4 1 0
github.com/KyleKing/recipes/goBuild/templates_templ.go:668.3,668.13 1 1
github.com/KyleKing/recipes/goBuild/templates_templ.go:672.35,673.131 1 1
github.com/KyleKing/recipes/goBuild/templates_templ.go:673.131,675.71 2 1
github.com/KyleKing/recipes/goBuild/templates_templ.go:675.71,677.4 1 0
github.com/KyleKing/recipes/goBuild/templates_templ.go:678.3,679.31 2 1
github.com/KyleKing/recipes/goBuild/templates_templ.go:679.31,680.17 1 1
github.com/KyleKing/recipes/goBuild/templates_templ.go:680.17,682.34 2 1
github.com/KyleKing/recipes/goBuild/templates_templ.go:682.34,684.6 1 1
github.com/KyleKing/recipes/goBuild/templates_templ.go:687.3,689.34 3 1
github.com/KyleKing/recipes/goBuild/templates_templ.go:689.34,691.4 1 0
github.com/KyleKing/recipes/goBuild/templates_templ.go:692.3,694.32 3 1
github.com/KyleKing/recipes/goBuild/templates_templ.go:694.32,696.4 1 0
github.com/KyleKing/recipes/goBuild/templates_templ.go:697.3,697.13 1 1
github.com/KyleKing/recipes/goBuild/templates_templ.go:701.41,702.131 1 1
github.com/KyleKing/recipes/goBuild/templates_templ.go:702.131,704.71 2 1
github.com/KyleKing/recipes/goBuild/templates_templ.go:704.71,706.4 1 0
github.com/KyleKing/recipes/goBuild/templates_templ.go:707.3,708.31 2 1
github.com/KyleKing/recipes/goBuild/templates_templ.go:708.31,709.17 1 0
github.com/KyleKing/recipes/goBuild/templates_templ.go:709.17,711.34 2 0
github.com/KyleKing/recipes/goBuild/templates_templ.go:711.34,713.6 1 0
github.com/KyleKing/recipes/goBuild/templates_templ.go:716.3,718.34 3 1
github.com/KyleKing/recipes/goBuild/templates_templ.go:718.34,720.4 1 0
github.com/KyleKing/recipes/goBuild/templates_templ.go:721.3,723.32 3 1
github.com/KyleKing/recipes/goBuild/templates_templ.go:723.32,725.4 1 0
github.com/KyleKing/recipes/goBuild/templates_templ.go:726.3,728.32 3 1
github.com/KyleKing/recipes/goBuild/templates_templ.go:728.32,730.4 1 0
github.com/KyleKing/recipes/goBuild/templates_templ.go:731.3,732.32 2 1
github.com/KyleKing/recipes/goBuild/templates_templ.go:732.32,734.4 1 0
github.com/KyleKing/recipes/goBuild/templates_templ.go:735.3,736.32 2 1
github.com/KyleKing/recipes/goBuild/templates_templ.go:736.32,738.4 1 0
github.com/KyleKing/recipes/goBuild/templates_templ.go:739.3,739.13 1 1
github.com/KyleKing/recipes/goBuild/templates_templ.go:743.37,744.131 1 1
github.com/KyleKing/recipes/goBuild/templates_templ.go:744.131,746.71 2 1
github.com/KyleKing/recipes/goBuild/templates_templ.go:746.71,748.4 1 0
github.com/KyleKing/recipes/goBuild/templates_templ.go:749.3,750.31 2 1
github.com/KyleKing/recipes/goBuild/templates_templ.go:750.31,751.17 1 1
github.com/KyleKing/recipes/goBuild/templates_templ.go:751.17,753.34 2 1
github.com/KyleKing/recipes/goBuild/templates_templ.go:753.34,755.6 1 1
github.com/KyleKing/recipes/goBuild/templates_templ.go:758.3,760.34 3 1
github.com/KyleKing/recipes/goBuild/templates_templ.go:760.34,762.4 1 0
github.com/KyleKing/recipes/goBuild/templates_templ.go:763.3,765.32 3 1
github.com/KyleKing/recipes/goBuild/templates_templ.go:765.32,767.4 1 0
github.com/KyleKing/recipes/goBuild/templates_templ.go:768.3,768.13 1 1
github.com/KyleKing/recipes/goBuild/templates_templ.go:772.70,773.131 1 1
github.com/KyleKing/recipes/goBuild/templates_templ.go:773.131,775.71 2 1
github.com/KyleKing/recipes/goBuild/templates_templ.go:775.71,777.4 1 0
github.com/KyleKing/recipes/goBuild/templates_templ.go:778.3,779.31 2 1
github.com/KyleKing/recipes/goBuild/templates_templ.go:779.31,780.17 1 0
github.com/KyleKing/recipes/goBuild/templates_templ.go:780.17,782.34 2 0
github.com/KyleKing/recipes/goBuild/templates_templ.go:782.34,784.6 1 0
github.com/KyleKing/recipes/goBuild/templates_templ.go:787.3,789.34 3 1
github.com/KyleKing/recipes/goBuild/templates_templ.go:789.34,791.4 1 0
github.com/KyleKing/recipes/goBuild/templates_templ.go:792.3,794.32 3 1
github.com/KyleKing/recipes/goBuild/templates_templ.go:794.32,796.4 1 0
github.com/KyleKing/recipes/goBuild/templates_templ.go:797.3,799.32 3 1
github.com/KyleKing/recipes/goBuild/templates_templ.go:799.32,801.4 1 0
github.com/KyleKing/recipes/goBuild/templates_templ.go:802.3,803.32 2 1
github.com/KyleKing/recipes/goBuild/templates_templ.go:803.32,805.4 1 0
github.com/KyleKing/recipes/goBuild/templates_templ.go:806.3,807.32 2 1
github.com/KyleKing/recipes/goBuild/templates_templ.go:807.32,809.4 1 0
github.com/KyleKing/recipes/goBuild/templates_templ.go:810.3,810.34 1 1
github.com/KyleKing/recipes/goBuild/templates_templ.go:810.34,812.33 2 1
github.com/KyleKing/recipes/goBuild/templates_templ.go:812.33,814.5 1 0
github.com/KyleKing/recipes/goBuild/templates_templ.go:815.4,817.33 3 1
github.com/KyleKing/recipes/goBuild/templates_templ.go:817.33,819.5 1 0
github.com/KyleKing/recipes/goBuild/templates_templ.go:820.4,821.33 2 1
github.com/KyleKing/recipes/goBuild/templates_templ.go:821.33,823.5 1 0
github.com/KyleKing/recipes/goBuild/templates_templ.go:824.4,825.33 2 1
github.com/KyleKing/recipes/goBuild/templates_templ.go:825.33,827.5 1 0
github.com/KyleKing/recipes/goBuild/templates_templ.go:828.4,830.33 3 1
github.com/KyleKing/recipes/goBuild/templates_templ.go:830.33,832.5 1 0
github.com/KyleKing/recipes/goBuild/templates_templ.go:833.4,834.33 2 1
github.com/KyleKing/recipes/goBuild/templates_templ.go:834.33,836.5 1 0
github.com/KyleKing/recipes/goBuild/templates_templ.go:837.4,838.33 2 1
github.com/KyleKing/recipes/goBuild/templates_templ.go:838.33,840.5 1 0
github.com/KyleKing/recipes/goBuild/templates_templ.go:841.4,843.33 3 1
github.com/KyleKing/recipes/goBuild/templates_templ.go:843.33,845.5 1 0
github.com/KyleKing/recipes/goBuild/templates_templ.go:846.4,847.33 2 1
github.com/KyleKing/recipes/goBuild/templates_templ.go:847.33,849.5 1 0
github.com/KyleKing/recipes/goBuild/templates_templ.go:850.4,851.33 2 1
github.com/KyleKing/recipes/goBuild/templates_templ.go:851.33,853.5 1 0
github.com/KyleKing/recipes/goBuild/templates_templ.go:854.4,856.33 3 1
github.com/KyleKing/recipes/goBuild/templates_templ.go:856.33,858.5 1 0
github.com/KyleKing/recipes/goBuild/templates_templ.go:859.4,860.33 2 1
github.com/KyleKing/recipes/goBuild/templates_templ.go:860.33,862.5 1 0
github.com/KyleKing/recipes/goBuild/templates_templ.go:863.4,864.33 2 1
github.com/KyleKing/recipes/goBuild/templates_templ.go:864.33,866.5 1 0
github.com/KyleKing/recipes/goBuild/templates_templ.go:868.3,869.32 2 1
github.com/KyleKing/recipes/goBuild/templates_templ.go:869.32,871.4 1 0
github.com/KyleKing/recipes/goBuild/templates_templ.go:872.3,872.13 1 1
github.com/KyleKing/recipes/goBuild/templates_templ.go:876.67,877.131 1 1
github.com/KyleKing/recipes/goBuild/templates_templ.go:877.131,879.71 2 1
github.com/KyleKing/recipes/goBuild/templates_templ.go:879.71,881.4 1 0
github.com/KyleKing/recipes/goBuild/templates_templ.go:882.3,883.31 2 1
github.com/KyleKing/recipes/goBuild/templates_templ.go:883.31,884.17 1 1
github.com/KyleKing/recipes/goBuild/templates_templ.go:884.17,886.34 2 1
github.com/KyleKing/recipes/goBuild/templates_templ.go:886.34,888.6 1 1
github.com/KyleKing/recipes/goBuild/templates_templ.go:891.3,893.34 3 1
github.com/KyleKing/recipes/goBuild/templates_templ.go:893.34,895.4 1 0
github.com/KyleKing/recipes/goBuild/templates_templ.go:896.3,898.32 3 1
github.com/KyleKing/recipes/goBuild/templates_templ.go:898.32,900.4 1 0
github.com/KyleKing/recipes/goBuild/templates_templ.go:901.3,901.13 1 1
github.com/KyleKing/recipes/goBuild/templates_templ.go:905.59,906.131 1 1
github.com/KyleKing/recipes/goBuild/templates_templ.go:906.131,908.71 2 1
github.com/KyleKing/recipes/goBuild/templates_templ.go:908.71,910.4 1 0
github.com/KyleKing/recipes/goBuild/templates_templ.go:911.3,912.31 2 1
github.com/KyleKing/recipes/goBuild/templates_templ.go:912.31,913.17 1 0
github.com/KyleKing/recipes/goBuild/templates_templ.go:913.17,915.34 2 0
github.com/KyleKing/recipes/goBuild/templates_templ.go:915.34,917.6 1 0
github.com/KyleKing/recipes/goBuild/templates_templ.go:920.3,922.34 3 1
github.com/KyleKing/recipes/goBuild/templates_templ.go:922.34,924.4 1 0
github.com/KyleKing/recipes/goBuild/templates_templ.go:925.3,927.32 3 1
github.com/KyleKing/recipes/goBuild/templates_templ.go:927.32,929.4 1 0
github.com/KyleKing/recipes/goBuild/templates_templ.go:930.3,930.38 1 1
github.com/KyleKing/recipes/goBuild/templates_templ.go:930.38,932.33 2 1
github.com/KyleKing/recipes/goBuild/templates_templ.go:932.33,934.5 1 0
github.com/KyleKing/recipes/goBuild/templates_templ.go:935.4,937.33 3 1
github.com/KyleKing/recipes/goBuild/templates_templ.go:937.33,939.5 1 0
github.com/KyleKing/recipes/goBuild/templates_templ.go:940.4,941.33 2 1
github.com/KyleKing/recipes/goBuild/templates_templ.go:941.33,943.5 1 0
github.com/KyleKing/recipes/goBuild/templates_templ.go:944.4,945.33 2 1
github.com/KyleKing/recipes/goBuild/templates_templ.go:945.33,947.5 1 0
github.com/KyleKing/recipes/goBuild/templates_templ.go:948.4,950.33 3 1
github.com/KyleKing/recipes/goBuild/templates_templ.go:950.33,952.5 1 0
github.com/KyleKing/recipes/goBuild/templates_templ.go:953.4,954.33 2 1
github.com/KyleKing/recipes/goBuild/templates_templ.go:954.33,956.5 1 0
github.com/KyleKing/recipes/goBuild/templates_templ.go:957.4,958.33 2 1
github.com/KyleKing/recipes/goBuild/templates_templ.go:958.33,960.5 1 0
github.com/KyleKing/recipes/goBuild/templates_templ.go:962.3,963.32 2 1
github.com/KyleKing/recipes/goBuild/templates_templ.go:963.32,965.4 1 0
github.com/KyleKing/recipes/goBuild/templates_templ.go:966.3,966.13 1 1
github.com/KyleKing/recipes/goBuild/templates_templ.go:970.56,971.131 1 1
github.com/KyleKing/recipes/goBuild/templates_templ.go:971.131,973.71 2 1
github.com/KyleKing/recipes/goBuild/templates_templ.go:973.71,975.4 1 0
github.com/KyleKing/recipes/goBuild/templates_templ.go:976.3,977.31 2 1
github.com/KyleKing/recipes/goBuild/templates_templ.go:977.31,978.17 1 1
github.com/KyleKing/recipes/goBuild/templates_templ.go:978.17,980.34 2 1
github.com/KyleKing/recipes/goBuild/templates_templ.go:980.34,982.6 1 1
github.com/KyleKing/recipes/goBuild/templates_templ.go:985.3,987.34 3 1
github.com/KyleKing/recipes/goBuild/templates_templ.go:987.34,989.4 1 0
github.com/KyleKing/recipes/goBuild/templates_templ.go:990.3,992.32 3 1
github.com/KyleKing/recipes/goBuild/templates_templ.go:992.32,994.4 1 0
github.com/KyleKing/recipes/goBuild/templates_templ.go:995.3,995.13 1 1
github.com/KyleKing/recipes/goBuild/templates_templ.go:999.51,1000.131 1 1
github.com/KyleKing/recipes/goBuild/templates_templ.go:1000.131,1002.71 2 1
github.com/KyleKing/recipes/goBuild/templates_templ.go:1002.71,1004.4 1 0
github.com/KyleKing/recipes/goBuild/templates_templ.go:1005.3,1006.31 2 1
github.com/KyleKing/recipes/goBuild/templates_templ.go:1006.31,1007.17 1 0
github.com/KyleKing/recipes/goBuild/templates_templ.go:1007.17,1009.34 2 0
github.com/KyleKing/recipes/goBuild/templates_templ.go:1009.34,1011.6 1 0
github.com/KyleKing/recipes/goBuild/templates_templ.go:1014.3,1016.34 3 1
github.com/KyleKing/recipes/goBuild/templates_templ.go:1016.34,1018.4 1 0
github.com/KyleKing/recipes/goBuild/templates_templ.go:1019.3,1021.32 3 1
github.com/KyleKing/recipes/goBuild/templates_templ.go:1021.32,1023.4 1 0
github.com/KyleKing/recipes/goBuild/templates_templ.go:1024.3,1024.34 1 1
github.com/KyleKing/recipes/goBuild/templates_templ.go:1024.34,1026.33 2 1
github.com/KyleKing/recipes/goBuild/templates_templ.go:1026.33,1028.5 1 0
github.com/KyleKing/recipes/goBuild/templates_templ.go:1029.4,1031.33 3 1
github.com/KyleKing/recipes/goBuild/templates_templ.go:1031.33,1033.5 1 0
github.com/KyleKing/recipes/goBuild/templates_templ.go:1034.4,1035.33 2 1
github.com/KyleKing/recipes/goBuild/templates_templ.go:1035.33,1037.5 1 0
github.com/KyleKing/recipes/goBuild/templates_templ.go:1038.4,1039.33 2 1
github.com/KyleKing/recipes/goBuild/templates_templ.go:1039.33,1041.5 1 0
github.com/KyleKing/recipes/goBuild/templates_templ.go:1042.4,1044.33 3 1
github.com/KyleKing/recipes/goBuild/templates_templ.go:1044.33,1046.5 1 0
github.com/KyleKing/recipes/goBuild/templates_templ.go:1047.4,1048.33 2 1
github.com/KyleKing/recipes/goBuild/templates_templ.go:1048.33,1050.5 1 0
github.com/KyleKing/recipes/goBuild/templates_templ.go:1051.4,1052.33 2 1
github.com/KyleKing/recipes/goBuild/templates_templ.go:1052.33,1054.5 1 0
github.com/KyleKing/recipes/goBuild/templates_templ.go:1055.4,1057.33 3 1
github.com/KyleKing/recipes/goBuild/templates_templ.go:1057.33,1059.5 1 0
github.com/KyleKing/recipes/goBuild/templates_templ.go:1060.4,1061.33 2 1
github.com/KyleKing/recipes/goBuild/templates_templ.go:1061.33,1063.5 1 0
github.com/KyleKing/recipes/goBuild/templates_templ.go:1064.4,1065.33 2 1
github.com/KyleKing/recipes/goBuild/templates_templ.go:1065.33,1067.5 1 0
github.com/KyleKing/recipes/goBuild/templates_templ.go:1068.4,1070.33 3 1
github.com/KyleKing/recipes/goBuild/templates_templ.go:1070.33,1072.5 1 0
github.com/KyleKing/recipes/goBuild/templates_templ.go:1073.4,1074.33 2 1
github.com/KyleKing/recipes/goBuild/templates_templ.go:1074.33,1076.5 1 0
github.com/KyleKing/recipes/goBuild/templates_templ.go:1077.4,1078.33 2 1
github.com/KyleKing/recipes/goBuild/templates_templ.go:1078.33,1080.5 1 0
github.com/KyleKing/recipes/goBuild/templates_templ.go:1082.3,1083.32 2 1
github.com/KyleKing/recipes/goBuild/templates_templ.go:1083.32,1085.4 1 0
github.com/KyleKing/recipes/goBuild/templates_templ.go:1086.3,1086.13 1 1
github.com/KyleKing/recipes/goBuild/templates_templ.go:1090.51,1091.131 1 0
github.com/KyleKing/recipes/goBuild/templates_templ.go:1091.131,1093.71 2 0
github.com/KyleKing/recipes/goBuild/templates_templ.go:1093.71,1095.4 1 0
github.com/KyleKing/recipes/goBuild/templates_templ.go:1096.3,1097.31 2 0
github.com/KyleKing/recipes/goBuild/templates_templ.go:1097.31,1098.17 1 0
github.com/KyleKing/recipes/goBuild/templates_templ.go:1098.17,1100.34 2 0
github.com/KyleKing/recipes/goBuild/templates_templ.go:1100.34,1102.6 1 0
github.com/KyleKing/recipes/goBuild/templates_templ.go:1105.3,1107.34 3 0
github.com/KyleKing/recipes/goBuild/templates_templ.go:1107.34,1109.4 1 0
github.com/KyleKing/recipes/goBuild/templates_templ.go:1110.3,1112.32 3 0
github.com/KyleKing/recipes/goBuild/templates_templ.go:1112.32,1114.4 1 0
github.com/KyleKing/recipes/goBuild/templates_templ.go:1115.3,1115.34 1 0
github.com/KyleKing/recipes/goBuild/templates_templ.go:1115.34,1117.33 2 0
github.com/KyleKing/recipes/goBuild/templates_templ.go:1117.33,1119.5 1 0
github.com/KyleKing/recipes/goBuild/templates_templ.go:1120.4,1122.33 3 0
github.com/KyleKing/recipes/goBuild/templates_templ.go:1122.33,1124.5 1 0
github.com/KyleKing/recipes/goBuild/templates_templ.go:1125.4,1126.33 2 0
github.com/KyleKing/recipes/goBuild/templates_templ.go:1126.33,1128.5 1 0
github.com/KyleKing/recipes/goBuild/templates_templ.go:1129.4,1130.33 2 0
github.com/KyleKing/recipes/goBuild/templates_templ.go:1130.33,1132.5 1 0
github.com/KyleKing/recipes/goBuild/templates_templ.go:1133.4,1135.33 3 0
github.com/KyleKing/recipes/goBuild/templates_templ.go:1135.33,1137.5 1 0
github.com/KyleKing/recipes/goBuild/templates_templ.go:1138.4,1139.33 2 0
github.com/KyleKing/recipes/goBuild/templates_templ.go:1139.33,1141.5 1 0
github.com/KyleKing/recipes/goBuild/templates_templ.go:1142.4,1143.33 2 0
github.com/KyleKing/recipes/goBuild/templates_templ.go:1143.33,1145.5 1 0
github.com/KyleKing/recipes/goBuild/templates_templ.go:1147.3,1148.32 2 0
github.com/KyleKing/recipes/goBuild/templates_templ.go:1148.32,1150.4 1 0
github.com/KyleKing/recipes/goBuild/templates_templ.go:1151.3,1151.13 1 0
github.com/KyleKing/recipes/goBuild/templates_templ.go:1155.54,1156.131 1 1
github.com/KyleKing/recipes/goBuild/templates_templ.go:1156.131,1158.71 2 1
github.com/KyleKing/recipes/goBuild/templates_templ.go:1158.71,1160.4 1 0
github.com/KyleKing/recipes/goBuild/templates_templ.go:1161.3,1162.31 2 1
github.com/KyleKing/recipes/goBuild/templates_templ.go:1162.31,1163.17 1 0
github.com/KyleKing/recipes/goBuild/templates_templ.go:1163.17,1165.34 2 0
github.com/KyleKing/recipes/goBuild/templates_templ.go:1165.34,1167.6 1 0
github.com/KyleKing/recipes/goBuild/templates_templ.go:1170.3,1172.34 3 1
github.com/KyleKing/recipes/goBuild/templates_templ.go:1172.34,1174.4 1 0
github.com/KyleKing/recipes/goBuild/templates_templ.go:1175.3,1177.32 3 1
github.com/KyleKing/recipes/goBuild/templates_templ.go:1177.32,1179.4 1 0
github.com/KyleKing/recipes/goBuild/templates_templ.go:1180.3,1182.32 3 1
github.com/KyleKing/recipes/goBuild/templates_templ.go:1182.32,1184.4 1 0
github.com/KyleKing/recipes/goBuild/templates_templ.go:1185.3,1186.32 2 1
github.com/KyleKing/recipes/goBuild/templates_templ.go:1186.32,1188.4 1 0
github.com/KyleKing/recipes/goBuild/templates_templ.go:1189.3,1190.32 2 1
github.com/KyleKing/recipes/goBuild/templates_templ.go:1190.32,1192.4 1 0
github.com/KyleKing/recipes/goBuild/templates_templ.go:1193.3,1194.32 2 1
github.com/KyleKing/recipes/goBuild/templates_templ.go:1194.32,1196.4 1 0
github.com/KyleKing/recipes/goBuild/templates_templ.go:1197.3,1198.32 2 1
github.com/KyleKing/recipes/goBuild/templates_templ.go:1198.32,1200.4 1 0
github.com/KyleKing/recipes/goBuild/templates_templ.go:1201.3,1201.62 1 1
github.com/KyleKing/recipes/goBuild/templates_templ.go:1201.62,1203.33 2 1
github.com/KyleKing/recipes/goBuild/templates_templ.go:1203.33,1205.5 1 0
github.com/KyleKing/recipes/goBuild/templates_templ.go:1206.4,1208.33 3 1
github.com/KyleKing/recipes/goBuild/templates_templ.go:1208.33,1210.5 1 0
github.com/KyleKing/recipes/goBuild/templates_templ.go:1211.4,1212.33 2 1
github.com/KyleKing/recipes/goBuild/templates_templ.go:1212.33,1214.5 1 0
github.com/KyleKing/recipes/goBuild/templates_templ.go:1215.4,1216.33 2 1
github.com/KyleKing/recipes/goBuild/templates_templ.go:1216.33,1218.5 1 0
github.com/KyleKing/recipes/goBuild/templates_templ.go:1219.4,1220.33 2 1
github.com/KyleKing/recipes/goBuild/templates_templ.go:1220.33,1222.5 1 0
github.com/KyleKing/recipes/goBuild/templates_templ.go:1224.3,1225.32 2 1
github.com/KyleKing/recipes/goBuild/templates_templ.go:1225.32,1227.4 1 0
github.com/KyleKing/recipes/goBuild/templates_templ.go:1228.3,1230.32 3 1
github.com/KyleKing/recipes/goBuild/templates_templ.go:1230.32,1232.4 1 0
github.com/KyleKing/recipes/goBuild/templates_templ.go:1233.3,1234.32 2 1
github.com/KyleKing/recipes/goBuild/templates_templ.go:1234.32,1236.4 1 0
github.com/KyleKing/recipes/goBuild/templates_templ.go:1237.3,1238.32 2 1
github.com/KyleKing/recipes/goBuild/templates_templ.go:1238.32,1240.4 1 0
github.com/KyleKing/recipes/goBuild/templates_templ.go:1241.3,1242.32 2 1
github.com/KyleKing/recipes/goBuild/templates_templ.go:1242.32,1244.4 1 0
github.com/KyleKing/recipes/goBuild/templates_templ.go:1245.3,1246.32 2 1
github.com/KyleKing/recipes/goBuild/templates_templ.go:1246.32,1248.4 1 0
github.com/KyleKing/recipes/goBuild/templates_templ.go:1249.3,1251.32 3 1
github.com/KyleKing/recipes/goBuild/templates_templ.go:1251.32,1253.4 1 0
github.com/KyleKing/recipes/goBuild/templates_templ.go:1254.3,1255.32 2 1
github.com/KyleKing/recipes/goBuild/templates_templ.go:1255.32,1257.4 1 0
github.com/KyleKing/recipes/goBuild/templates_templ.go:1258.3,1259.32 2 1
github.com/KyleKing/recipes/goBuild/templates_templ.go:1259.32,1261.4 1 0
github.com/KyleKing/recipes/goBuild/templates_templ.go:1262.3,1263.32 2 1
github.com/KyleKing/recipes/goBuild/templates_templ.go:1263.32,1265.4 1 0
github.com/KyleKing/recipes/goBuild/templates_templ.go:1266.3,1267.32 2 1
github.com/KyleKing/recipes/goBuild/templates_templ.go:1267.32,1269.4 1 0
github.com/KyleKing/recipes/goBuild/templates_templ.go:1270.3,1270.13 1 1
github.com/KyleKing/recipes/goBuild/templates_templ.go:1274.51,1275.131 1 1
github.com/KyleKing/recipes/goBuild/templates_templ.go:1275.131,1277.71 2 1
github.com/KyleKing/recipes/goBuild/templates_templ.go:1277.71,1279.4 1 0
github.com/KyleKing/recipes/goBuild/templates_templ.go:1280.3,1281.31 2 1
github.com/KyleKing/recipes/goBuild/templates_templ.go:1281.31,1282.17 1 1
github.com/KyleKing/recipes/goBuild/templates_templ.go:1282.17,1284.34 2 1
github.com/KyleKing/recipes/goBuild/templates_templ.go:1284.34,1286.6 1 1
github.com/KyleKing/recipes/goBuild/templates_templ.go:1289.3,1291.34 3 1
github.com/KyleKing/recipes/goBuild/templates_templ.go:1291.34,1293.4 1 0
github.com/KyleKing/recipes/goBuild/templates_templ.go:1294.3,1296.32 3 1
github.com/KyleKing/recipes/goBuild/templates_templ.go:1296.32,1298.4 1 0
github.com/KyleKing/recipes/goBuild/templates_templ.go:1299.3,1299.13 1 1
github.com/KyleKing/recipes/goServe/main.go:16.13,27.16 9 0
github.com/KyleKing/recipes/goServe/main.go:27.16,29.3 1 0
